<?xml version="1.0" encoding="ISO-8859-1" ?>
<link_info>
   <banner>TMS320C2000 Linker PC v22.6.0.LTS</banner>
   <copyright>Copyright (c) 1996-2018 Texas Instruments Incorporated</copyright>
   <link_time>0x66a7c19c</link_time>
   <link_errors>0x0</link_errors>
   <output_file>DLDZ (fft).out</output_file>
   <entry_point>
      <name>_c_int00</name>
      <address>0x3398ba</address>
   </entry_point>
   <input_file_list>
      <input_file id="fl-4">
         <path>.\Source\</path>
         <kind>object</kind>
         <file>DSP2833x_ADC_cal.obj</file>
         <name>DSP2833x_ADC_cal.obj</name>
      </input_file>
      <input_file id="fl-5">
         <path>.\Source\</path>
         <kind>object</kind>
         <file>DSP2833x_Adc.obj</file>
         <name>DSP2833x_Adc.obj</name>
      </input_file>
      <input_file id="fl-6">
         <path>.\Source\</path>
         <kind>object</kind>
         <file>DSP2833x_CodeStartBranch.obj</file>
         <name>DSP2833x_CodeStartBranch.obj</name>
      </input_file>
      <input_file id="fl-7">
         <path>.\Source\</path>
         <kind>object</kind>
         <file>DSP2833x_CpuTimers.obj</file>
         <name>DSP2833x_CpuTimers.obj</name>
      </input_file>
      <input_file id="fl-8">
         <path>.\Source\</path>
         <kind>object</kind>
         <file>DSP2833x_DefaultIsr.obj</file>
         <name>DSP2833x_DefaultIsr.obj</name>
      </input_file>
      <input_file id="fl-9">
         <path>.\Source\</path>
         <kind>object</kind>
         <file>DSP2833x_ECap.obj</file>
         <name>DSP2833x_ECap.obj</name>
      </input_file>
      <input_file id="fl-a">
         <path>.\Source\</path>
         <kind>object</kind>
         <file>DSP2833x_EPwm.obj</file>
         <name>DSP2833x_EPwm.obj</name>
      </input_file>
      <input_file id="fl-b">
         <path>.\Source\</path>
         <kind>object</kind>
         <file>DSP2833x_EQep.obj</file>
         <name>DSP2833x_EQep.obj</name>
      </input_file>
      <input_file id="fl-c">
         <path>.\Source\</path>
         <kind>object</kind>
         <file>DSP2833x_GlobalVariableDefs.obj</file>
         <name>DSP2833x_GlobalVariableDefs.obj</name>
      </input_file>
      <input_file id="fl-d">
         <path>.\Source\</path>
         <kind>object</kind>
         <file>DSP2833x_MemCopy.obj</file>
         <name>DSP2833x_MemCopy.obj</name>
      </input_file>
      <input_file id="fl-e">
         <path>.\Source\</path>
         <kind>object</kind>
         <file>DSP2833x_PieCtrl.obj</file>
         <name>DSP2833x_PieCtrl.obj</name>
      </input_file>
      <input_file id="fl-f">
         <path>.\Source\</path>
         <kind>object</kind>
         <file>DSP2833x_PieVect.obj</file>
         <name>DSP2833x_PieVect.obj</name>
      </input_file>
      <input_file id="fl-10">
         <path>.\Source\</path>
         <kind>object</kind>
         <file>DSP2833x_Sci.obj</file>
         <name>DSP2833x_Sci.obj</name>
      </input_file>
      <input_file id="fl-11">
         <path>.\Source\</path>
         <kind>object</kind>
         <file>DSP2833x_SysCtrl.obj</file>
         <name>DSP2833x_SysCtrl.obj</name>
      </input_file>
      <input_file id="fl-12">
         <path>.\Source\</path>
         <kind>object</kind>
         <file>DSP2833x_Xintf.obj</file>
         <name>DSP2833x_Xintf.obj</name>
      </input_file>
      <input_file id="fl-13">
         <path>.\Source\</path>
         <kind>object</kind>
         <file>DSP2833x_usDelay.obj</file>
         <name>DSP2833x_usDelay.obj</name>
      </input_file>
      <input_file id="fl-14">
         <path>.\Source\</path>
         <kind>object</kind>
         <file>FPUmathTables.obj</file>
         <name>FPUmathTables.obj</name>
      </input_file>
      <input_file id="fl-15">
         <path>.\Source\</path>
         <kind>object</kind>
         <file>MY_DLDZSY.obj</file>
         <name>MY_DLDZSY.obj</name>
      </input_file>
      <input_file id="fl-16">
         <path>.\Source\</path>
         <kind>object</kind>
         <file>MY_menu.obj</file>
         <name>MY_menu.obj</name>
      </input_file>
      <input_file id="fl-17">
         <path>.\Source\</path>
         <kind>object</kind>
         <file>My_DA.obj</file>
         <name>My_DA.obj</name>
      </input_file>
      <input_file id="fl-18">
         <path>.\Source\</path>
         <kind>object</kind>
         <file>My_LCD12864S.obj</file>
         <name>My_LCD12864S.obj</name>
      </input_file>
      <input_file id="fl-19">
         <path>.\Source\</path>
         <kind>object</kind>
         <file>My_interrupt.obj</file>
         <name>My_interrupt.obj</name>
      </input_file>
      <input_file id="fl-1a">
         <path>.\Source\</path>
         <kind>object</kind>
         <file>My_main.obj</file>
         <name>My_main.obj</name>
      </input_file>
      <input_file id="fl-1b">
         <path>.\Source\</path>
         <kind>object</kind>
         <file>My_monitor.obj</file>
         <name>My_monitor.obj</name>
      </input_file>
      <input_file id="fl-1c">
         <path>.\Source\</path>
         <kind>object</kind>
         <file>My_variable.obj</file>
         <name>My_variable.obj</name>
      </input_file>
      <input_file id="fl-1d">
         <path>.\Source\</path>
         <kind>object</kind>
         <file>sqrt_f32.obj</file>
         <name>sqrt_f32.obj</name>
      </input_file>
      <input_file id="fl-24">
         <kind>object</kind>
         <file>&lt;internal&gt;</file>
         <name>&lt;internal&gt;</name>
      </input_file>
      <input_file id="fl-25">
         <path>..\Libraries\</path>
         <kind>archive</kind>
         <file>rts2800_fpu32.lib</file>
         <name>boot.obj</name>
      </input_file>
      <input_file id="fl-26">
         <path>..\Libraries\</path>
         <kind>archive</kind>
         <file>rts2800_fpu32.lib</file>
         <name>exit.obj</name>
      </input_file>
      <input_file id="fl-27">
         <path>..\Libraries\</path>
         <kind>archive</kind>
         <file>rts2800_fpu32.lib</file>
         <name>fs_div.obj</name>
      </input_file>
      <input_file id="fl-28">
         <path>..\Libraries\</path>
         <kind>archive</kind>
         <file>rts2800_fpu32.lib</file>
         <name>i_div.obj</name>
      </input_file>
      <input_file id="fl-29">
         <path>..\Libraries\</path>
         <kind>archive</kind>
         <file>rts2800_fpu32.lib</file>
         <name>u_div.obj</name>
      </input_file>
      <input_file id="fl-2a">
         <path>..\Libraries\</path>
         <kind>archive</kind>
         <file>rts2800_fpu32.lib</file>
         <name>sin.obj</name>
      </input_file>
      <input_file id="fl-2b">
         <path>..\Libraries\</path>
         <kind>archive</kind>
         <file>rts2800_fpu32.lib</file>
         <name>_lock.obj</name>
      </input_file>
      <input_file id="fl-2c">
         <path>..\Libraries\</path>
         <kind>archive</kind>
         <file>rts2800_fpu32.lib</file>
         <name>args_main.obj</name>
      </input_file>
      <input_file id="fl-38">
         <path>E:\controlSUITE\libs\dsp\FPU\v131\lib\</path>
         <kind>archive</kind>
         <file>C28x_FPU_Lib.lib</file>
         <name>RFFT_f32u.obj</name>
      </input_file>
      <input_file id="fl-39">
         <path>E:\controlSUITE\libs\dsp\FPU\v131\lib\</path>
         <kind>archive</kind>
         <file>C28x_FPU_Lib.lib</file>
         <name>RFFT_f32_sincostable.obj</name>
      </input_file>
      <input_file id="fl-3a">
         <path>E:\controlSUITE\libs\dsp\FPU\v131\lib\</path>
         <kind>archive</kind>
         <file>C28x_FPU_Lib.lib</file>
         <name>RFFT_f32_mag.obj</name>
      </input_file>
      <input_file id="fl-3b">
         <path>E:\controlSUITE\libs\dsp\FPU\v131\lib\</path>
         <kind>archive</kind>
         <file>C28x_FPU_Lib.lib</file>
         <name>RFFT_f32.obj</name>
      </input_file>
      <input_file id="fl-3c">
         <path>..\Libraries\</path>
         <kind>archive</kind>
         <file>rts2800_fpu32.lib</file>
         <name>cos.obj</name>
      </input_file>
   </input_file_list>
   <object_component_list>
      <object_component id="oc-a8">
         <name>PieVectTableFile</name>
         <uninitialized>true</uninitialized>
         <run_address>0xd00</run_address>
         <size>0x100</size>
         <input_file_ref idref="fl-c"/>
      </object_component>
      <object_component id="oc-a4">
         <name>DevEmuRegsFile</name>
         <uninitialized>true</uninitialized>
         <run_address>0x880</run_address>
         <size>0xd0</size>
         <input_file_ref idref="fl-c"/>
      </object_component>
      <object_component id="oc-7c">
         <name>FlashRegsFile</name>
         <uninitialized>true</uninitialized>
         <run_address>0xa80</run_address>
         <size>0x8</size>
         <input_file_ref idref="fl-c"/>
      </object_component>
      <object_component id="oc-7f">
         <name>CsmRegsFile</name>
         <uninitialized>true</uninitialized>
         <run_address>0xae0</run_address>
         <size>0x10</size>
         <input_file_ref idref="fl-c"/>
      </object_component>
      <object_component id="oc-7e">
         <name>AdcMirrorFile</name>
         <uninitialized>true</uninitialized>
         <run_address>0xb00</run_address>
         <size>0x10</size>
         <input_file_ref idref="fl-c"/>
      </object_component>
      <object_component id="oc-87">
         <name>XintfRegsFile</name>
         <uninitialized>true</uninitialized>
         <run_address>0xb20</run_address>
         <size>0x1e</size>
         <input_file_ref idref="fl-c"/>
      </object_component>
      <object_component id="oc-78">
         <name>CpuTimer0RegsFile</name>
         <uninitialized>true</uninitialized>
         <run_address>0xc00</run_address>
         <size>0x8</size>
         <input_file_ref idref="fl-c"/>
      </object_component>
      <object_component id="oc-79">
         <name>CpuTimer1RegsFile</name>
         <uninitialized>true</uninitialized>
         <run_address>0xc08</run_address>
         <size>0x8</size>
         <input_file_ref idref="fl-c"/>
      </object_component>
      <object_component id="oc-7a">
         <name>CpuTimer2RegsFile</name>
         <uninitialized>true</uninitialized>
         <run_address>0xc10</run_address>
         <size>0x8</size>
         <input_file_ref idref="fl-c"/>
      </object_component>
      <object_component id="oc-85">
         <name>PieCtrlRegsFile</name>
         <uninitialized>true</uninitialized>
         <run_address>0xce0</run_address>
         <size>0x1a</size>
         <input_file_ref idref="fl-c"/>
      </object_component>
      <object_component id="oc-a5">
         <name>DmaRegsFile</name>
         <uninitialized>true</uninitialized>
         <run_address>0x1000</run_address>
         <size>0xe0</size>
         <input_file_ref idref="fl-c"/>
      </object_component>
      <object_component id="oc-97">
         <name>McbspaRegsFile</name>
         <uninitialized>true</uninitialized>
         <run_address>0x5000</run_address>
         <size>0x25</size>
         <input_file_ref idref="fl-c"/>
      </object_component>
      <object_component id="oc-98">
         <name>McbspbRegsFile</name>
         <uninitialized>true</uninitialized>
         <run_address>0x5040</run_address>
         <size>0x25</size>
         <input_file_ref idref="fl-c"/>
      </object_component>
      <object_component id="oc-9a">
         <name>ECanaRegsFile</name>
         <uninitialized>true</uninitialized>
         <run_address>0x6000</run_address>
         <size>0x34</size>
         <input_file_ref idref="fl-c"/>
      </object_component>
      <object_component id="oc-9c">
         <name>ECanaLAMRegsFile</name>
         <uninitialized>true</uninitialized>
         <run_address>0x6040</run_address>
         <size>0x40</size>
         <input_file_ref idref="fl-c"/>
      </object_component>
      <object_component id="oc-a6">
         <name>ECanaMboxesFile</name>
         <uninitialized>true</uninitialized>
         <run_address>0x6100</run_address>
         <size>0x100</size>
         <input_file_ref idref="fl-c"/>
      </object_component>
      <object_component id="oc-9d">
         <name>ECanaMOTSRegsFile</name>
         <uninitialized>true</uninitialized>
         <run_address>0x6080</run_address>
         <size>0x40</size>
         <input_file_ref idref="fl-c"/>
      </object_component>
      <object_component id="oc-9e">
         <name>ECanaMOTORegsFile</name>
         <uninitialized>true</uninitialized>
         <run_address>0x60c0</run_address>
         <size>0x40</size>
         <input_file_ref idref="fl-c"/>
      </object_component>
      <object_component id="oc-9b">
         <name>ECanbRegsFile</name>
         <uninitialized>true</uninitialized>
         <run_address>0x6200</run_address>
         <size>0x34</size>
         <input_file_ref idref="fl-c"/>
      </object_component>
      <object_component id="oc-9f">
         <name>ECanbLAMRegsFile</name>
         <uninitialized>true</uninitialized>
         <run_address>0x6240</run_address>
         <size>0x40</size>
         <input_file_ref idref="fl-c"/>
      </object_component>
      <object_component id="oc-a7">
         <name>ECanbMboxesFile</name>
         <uninitialized>true</uninitialized>
         <run_address>0x6300</run_address>
         <size>0x100</size>
         <input_file_ref idref="fl-c"/>
      </object_component>
      <object_component id="oc-a0">
         <name>ECanbMOTSRegsFile</name>
         <uninitialized>true</uninitialized>
         <run_address>0x6280</run_address>
         <size>0x40</size>
         <input_file_ref idref="fl-c"/>
      </object_component>
      <object_component id="oc-a1">
         <name>ECanbMOTORegsFile</name>
         <uninitialized>true</uninitialized>
         <run_address>0x62c0</run_address>
         <size>0x40</size>
         <input_file_ref idref="fl-c"/>
      </object_component>
      <object_component id="oc-90">
         <name>EPwm1RegsFile</name>
         <uninitialized>true</uninitialized>
         <run_address>0x6800</run_address>
         <size>0x22</size>
         <input_file_ref idref="fl-c"/>
      </object_component>
      <object_component id="oc-91">
         <name>EPwm2RegsFile</name>
         <uninitialized>true</uninitialized>
         <run_address>0x6840</run_address>
         <size>0x22</size>
         <input_file_ref idref="fl-c"/>
      </object_component>
      <object_component id="oc-92">
         <name>EPwm3RegsFile</name>
         <uninitialized>true</uninitialized>
         <run_address>0x6880</run_address>
         <size>0x22</size>
         <input_file_ref idref="fl-c"/>
      </object_component>
      <object_component id="oc-93">
         <name>EPwm4RegsFile</name>
         <uninitialized>true</uninitialized>
         <run_address>0x68c0</run_address>
         <size>0x22</size>
         <input_file_ref idref="fl-c"/>
      </object_component>
      <object_component id="oc-94">
         <name>EPwm5RegsFile</name>
         <uninitialized>true</uninitialized>
         <run_address>0x6900</run_address>
         <size>0x22</size>
         <input_file_ref idref="fl-c"/>
      </object_component>
      <object_component id="oc-95">
         <name>EPwm6RegsFile</name>
         <uninitialized>true</uninitialized>
         <run_address>0x6940</run_address>
         <size>0x22</size>
         <input_file_ref idref="fl-c"/>
      </object_component>
      <object_component id="oc-88">
         <name>ECap1RegsFile</name>
         <uninitialized>true</uninitialized>
         <run_address>0x6a00</run_address>
         <size>0x20</size>
         <input_file_ref idref="fl-c"/>
      </object_component>
      <object_component id="oc-89">
         <name>ECap2RegsFile</name>
         <uninitialized>true</uninitialized>
         <run_address>0x6a20</run_address>
         <size>0x20</size>
         <input_file_ref idref="fl-c"/>
      </object_component>
      <object_component id="oc-8a">
         <name>ECap3RegsFile</name>
         <uninitialized>true</uninitialized>
         <run_address>0x6a40</run_address>
         <size>0x20</size>
         <input_file_ref idref="fl-c"/>
      </object_component>
      <object_component id="oc-8b">
         <name>ECap4RegsFile</name>
         <uninitialized>true</uninitialized>
         <run_address>0x6a60</run_address>
         <size>0x20</size>
         <input_file_ref idref="fl-c"/>
      </object_component>
      <object_component id="oc-8c">
         <name>ECap5RegsFile</name>
         <uninitialized>true</uninitialized>
         <run_address>0x6a80</run_address>
         <size>0x20</size>
         <input_file_ref idref="fl-c"/>
      </object_component>
      <object_component id="oc-8d">
         <name>ECap6RegsFile</name>
         <uninitialized>true</uninitialized>
         <run_address>0x6aa0</run_address>
         <size>0x20</size>
         <input_file_ref idref="fl-c"/>
      </object_component>
      <object_component id="oc-a2">
         <name>EQep1RegsFile</name>
         <uninitialized>true</uninitialized>
         <run_address>0x6b00</run_address>
         <size>0x40</size>
         <input_file_ref idref="fl-c"/>
      </object_component>
      <object_component id="oc-a3">
         <name>EQep2RegsFile</name>
         <uninitialized>true</uninitialized>
         <run_address>0x6b40</run_address>
         <size>0x40</size>
         <input_file_ref idref="fl-c"/>
      </object_component>
      <object_component id="oc-99">
         <name>GpioCtrlRegsFile</name>
         <uninitialized>true</uninitialized>
         <run_address>0x6f80</run_address>
         <size>0x2e</size>
         <input_file_ref idref="fl-c"/>
      </object_component>
      <object_component id="oc-8e">
         <name>GpioDataRegsFile</name>
         <uninitialized>true</uninitialized>
         <run_address>0x6fc0</run_address>
         <size>0x20</size>
         <input_file_ref idref="fl-c"/>
      </object_component>
      <object_component id="oc-7d">
         <name>GpioIntRegsFile</name>
         <uninitialized>true</uninitialized>
         <run_address>0x6fe0</run_address>
         <size>0xa</size>
         <input_file_ref idref="fl-c"/>
      </object_component>
      <object_component id="oc-8f">
         <name>SysCtrlRegsFile</name>
         <uninitialized>true</uninitialized>
         <run_address>0x7010</run_address>
         <size>0x20</size>
         <input_file_ref idref="fl-c"/>
      </object_component>
      <object_component id="oc-83">
         <name>SpiaRegsFile</name>
         <uninitialized>true</uninitialized>
         <run_address>0x7040</run_address>
         <size>0x10</size>
         <input_file_ref idref="fl-c"/>
      </object_component>
      <object_component id="oc-80">
         <name>SciaRegsFile</name>
         <uninitialized>true</uninitialized>
         <run_address>0x7050</run_address>
         <size>0x10</size>
         <input_file_ref idref="fl-c"/>
      </object_component>
      <object_component id="oc-84">
         <name>XIntruptRegsFile</name>
         <uninitialized>true</uninitialized>
         <run_address>0x7070</run_address>
         <size>0x10</size>
         <input_file_ref idref="fl-c"/>
      </object_component>
      <object_component id="oc-86">
         <name>AdcRegsFile</name>
         <uninitialized>true</uninitialized>
         <run_address>0x7100</run_address>
         <size>0x1e</size>
         <input_file_ref idref="fl-c"/>
      </object_component>
      <object_component id="oc-81">
         <name>ScibRegsFile</name>
         <uninitialized>true</uninitialized>
         <run_address>0x7750</run_address>
         <size>0x10</size>
         <input_file_ref idref="fl-c"/>
      </object_component>
      <object_component id="oc-82">
         <name>ScicRegsFile</name>
         <uninitialized>true</uninitialized>
         <run_address>0x7770</run_address>
         <size>0x10</size>
         <input_file_ref idref="fl-c"/>
      </object_component>
      <object_component id="oc-96">
         <name>I2caRegsFile</name>
         <uninitialized>true</uninitialized>
         <run_address>0x7900</run_address>
         <size>0x22</size>
         <input_file_ref idref="fl-c"/>
      </object_component>
      <object_component id="oc-7b">
         <name>CsmPwlFile</name>
         <uninitialized>true</uninitialized>
         <run_address>0x33fff8</run_address>
         <size>0x8</size>
         <input_file_ref idref="fl-c"/>
      </object_component>
      <object_component id="oc-145">
         <name>.cinit:_LCD_char</name>
         <load_address>0x33a14f</load_address>
         <run_address>0x33a14f</run_address>
         <size>0x243</size>
         <input_file_ref idref="fl-18"/>
      </object_component>
      <object_component id="oc-132">
         <name>.cinit:_i_sample</name>
         <load_address>0x33a392</load_address>
         <run_address>0x33a392</run_address>
         <size>0x103</size>
         <input_file_ref idref="fl-1b"/>
      </object_component>
      <object_component id="oc-130">
         <name>.cinit:_u_sample</name>
         <load_address>0x33a495</load_address>
         <run_address>0x33a495</run_address>
         <size>0x103</size>
         <input_file_ref idref="fl-1b"/>
      </object_component>
      <object_component id="oc-d4">
         <name>.cinit</name>
         <load_address>0x33a598</load_address>
         <run_address>0x33a598</run_address>
         <size>0x10</size>
         <input_file_ref idref="fl-16"/>
      </object_component>
      <object_component id="oc-142">
         <name>.cinit:_key_delay_cnt</name>
         <load_address>0x33a5a8</load_address>
         <run_address>0x33a5a8</run_address>
         <size>0xb</size>
         <input_file_ref idref="fl-16"/>
      </object_component>
      <object_component id="oc-140">
         <name>.cinit:_key_delay_max</name>
         <load_address>0x33a5b3</load_address>
         <run_address>0x33a5b3</run_address>
         <size>0xb</size>
         <input_file_ref idref="fl-16"/>
      </object_component>
      <object_component id="oc-11c">
         <name>.cinit</name>
         <load_address>0x33a5be</load_address>
         <run_address>0x33a5be</run_address>
         <size>0xa</size>
         <input_file_ref idref="fl-2b"/>
      </object_component>
      <object_component id="oc-106">
         <name>.cinit</name>
         <load_address>0x33a5c8</load_address>
         <run_address>0x33a5c8</run_address>
         <size>0xa</size>
         <input_file_ref idref="fl-26"/>
      </object_component>
      <object_component id="oc-f1">
         <name>.cinit</name>
         <load_address>0x33a5d2</load_address>
         <run_address>0x33a5d2</run_address>
         <size>0x9</size>
         <input_file_ref idref="fl-1b"/>
      </object_component>
      <object_component id="oc-13b">
         <name>.text</name>
         <load_address>0x338000</load_address>
         <run_address>0x338000</run_address>
         <size>0x37f</size>
         <input_file_ref idref="fl-16"/>
      </object_component>
      <object_component id="oc-147">
         <name>.text</name>
         <load_address>0x33837f</load_address>
         <run_address>0x33837f</run_address>
         <size>0x35a</size>
         <input_file_ref idref="fl-18"/>
      </object_component>
      <object_component id="oc-63">
         <name>.text:retain</name>
         <load_address>0x3386d9</load_address>
         <run_address>0x3386d9</run_address>
         <size>0x323</size>
         <input_file_ref idref="fl-8"/>
      </object_component>
      <object_component id="oc-12d">
         <name>.text</name>
         <load_address>0x3389fc</load_address>
         <run_address>0x3389fc</run_address>
         <size>0x255</size>
         <input_file_ref idref="fl-15"/>
      </object_component>
      <object_component id="oc-12e">
         <name>.text</name>
         <load_address>0x338c51</load_address>
         <run_address>0x338c51</run_address>
         <size>0x23e</size>
         <input_file_ref idref="fl-1a"/>
      </object_component>
      <object_component id="oc-12c">
         <name>.text</name>
         <load_address>0x338e8f</load_address>
         <run_address>0x338e8f</run_address>
         <size>0x1e3</size>
         <input_file_ref idref="fl-1b"/>
      </object_component>
      <object_component id="oc-13c">
         <name>.text</name>
         <load_address>0x339072</load_address>
         <run_address>0x339072</run_address>
         <size>0x122</size>
         <input_file_ref idref="fl-12"/>
      </object_component>
      <object_component id="oc-127">
         <name>.text</name>
         <load_address>0x339194</load_address>
         <run_address>0x339194</run_address>
         <size>0x11d</size>
         <input_file_ref idref="fl-3b"/>
      </object_component>
      <object_component id="oc-133">
         <name>.text</name>
         <load_address>0x3392b1</load_address>
         <run_address>0x3392b1</run_address>
         <size>0xf2</size>
         <input_file_ref idref="fl-11"/>
      </object_component>
      <object_component id="oc-10a">
         <name>.text</name>
         <load_address>0x3393a3</load_address>
         <run_address>0x3393a3</run_address>
         <size>0xf0</size>
         <input_file_ref idref="fl-27"/>
      </object_component>
      <object_component id="oc-13a">
         <name>.text</name>
         <load_address>0x339493</load_address>
         <run_address>0x339493</run_address>
         <size>0xef</size>
         <input_file_ref idref="fl-a"/>
      </object_component>
      <object_component id="oc-124">
         <name>.text</name>
         <load_address>0x339582</load_address>
         <run_address>0x339582</run_address>
         <size>0x85</size>
         <input_file_ref idref="fl-38"/>
      </object_component>
      <object_component id="oc-e5">
         <name>.text:retain</name>
         <load_address>0x339607</load_address>
         <run_address>0x339607</run_address>
         <size>0x7e</size>
         <input_file_ref idref="fl-19"/>
      </object_component>
      <object_component id="oc-125">
         <name>.text</name>
         <load_address>0x339685</load_address>
         <run_address>0x339685</run_address>
         <size>0x70</size>
         <input_file_ref idref="fl-39"/>
      </object_component>
      <object_component id="oc-139">
         <name>.text</name>
         <load_address>0x3396f5</load_address>
         <run_address>0x3396f5</run_address>
         <size>0x6e</size>
         <input_file_ref idref="fl-5"/>
      </object_component>
      <object_component id="oc-128">
         <name>.text</name>
         <load_address>0x339763</load_address>
         <run_address>0x339763</run_address>
         <size>0x61</size>
         <input_file_ref idref="fl-3c"/>
      </object_component>
      <object_component id="oc-116">
         <name>.text</name>
         <load_address>0x3397c4</load_address>
         <run_address>0x3397c4</run_address>
         <size>0x5f</size>
         <input_file_ref idref="fl-2a"/>
      </object_component>
      <object_component id="oc-138">
         <name>.text</name>
         <load_address>0x339823</load_address>
         <run_address>0x339823</run_address>
         <size>0x4f</size>
         <input_file_ref idref="fl-7"/>
      </object_component>
      <object_component id="oc-13d">
         <name>.text</name>
         <load_address>0x339872</load_address>
         <run_address>0x339872</run_address>
         <size>0x48</size>
         <input_file_ref idref="fl-b"/>
      </object_component>
      <object_component id="oc-4b">
         <name>.text</name>
         <load_address>0x3398ba</load_address>
         <run_address>0x3398ba</run_address>
         <size>0x46</size>
         <input_file_ref idref="fl-25"/>
      </object_component>
      <object_component id="oc-126">
         <name>.text</name>
         <load_address>0x339900</load_address>
         <run_address>0x339900</run_address>
         <size>0x44</size>
         <input_file_ref idref="fl-3a"/>
      </object_component>
      <object_component id="oc-134">
         <name>.text</name>
         <load_address>0x339944</load_address>
         <run_address>0x339944</run_address>
         <size>0x28</size>
         <input_file_ref idref="fl-e"/>
      </object_component>
      <object_component id="oc-10e">
         <name>.text</name>
         <load_address>0x33996c</load_address>
         <run_address>0x33996c</run_address>
         <size>0x22</size>
         <input_file_ref idref="fl-28"/>
      </object_component>
      <object_component id="oc-fa">
         <name>.text</name>
         <load_address>0x33998e</load_address>
         <run_address>0x33998e</run_address>
         <size>0x21</size>
         <input_file_ref idref="fl-1d"/>
      </object_component>
      <object_component id="oc-135">
         <name>.text</name>
         <load_address>0x3399af</load_address>
         <run_address>0x3399af</run_address>
         <size>0x20</size>
         <input_file_ref idref="fl-f"/>
      </object_component>
      <object_component id="oc-104">
         <name>.text</name>
         <load_address>0x3399cf</load_address>
         <run_address>0x3399cf</run_address>
         <size>0x18</size>
         <input_file_ref idref="fl-26"/>
      </object_component>
      <object_component id="oc-120">
         <name>.text</name>
         <load_address>0x3399e7</load_address>
         <run_address>0x3399e7</run_address>
         <size>0x15</size>
         <input_file_ref idref="fl-2c"/>
      </object_component>
      <object_component id="oc-136">
         <name>.text</name>
         <load_address>0x3399fc</load_address>
         <run_address>0x3399fc</run_address>
         <size>0x13</size>
         <input_file_ref idref="fl-d"/>
      </object_component>
      <object_component id="oc-112">
         <name>.text</name>
         <load_address>0x339a0f</load_address>
         <run_address>0x339a0f</run_address>
         <size>0xb</size>
         <input_file_ref idref="fl-29"/>
      </object_component>
      <object_component id="oc-11a">
         <name>.text</name>
         <load_address>0x339a1a</load_address>
         <run_address>0x339a1a</run_address>
         <size>0x9</size>
         <input_file_ref idref="fl-2b"/>
      </object_component>
      <object_component id="oc-56">
         <name>.text</name>
         <load_address>0x339a23</load_address>
         <run_address>0x339a23</run_address>
         <size>0x8</size>
         <input_file_ref idref="fl-6"/>
      </object_component>
      <object_component id="oc-57">
         <name>codestart</name>
         <load_address>0x33fff6</load_address>
         <run_address>0x33fff6</run_address>
         <size>0x2</size>
         <input_file_ref idref="fl-6"/>
      </object_component>
      <object_component id="oc-137">
         <name>ramfuncs</name>
         <load_address>0x320000</load_address>
         <run_address>0x8000</run_address>
         <size>0x1b</size>
         <input_file_ref idref="fl-11"/>
      </object_component>
      <object_component id="oc-c8">
         <name>ramfuncs</name>
         <load_address>0x32001b</load_address>
         <run_address>0x801b</run_address>
         <size>0x4</size>
         <input_file_ref idref="fl-13"/>
      </object_component>
      <object_component id="oc-ff">
         <name>.stack</name>
         <uninitialized>true</uninitialized>
         <run_address>0x400</run_address>
         <size>0x0</size>
         <input_file_ref idref="fl-25"/>
      </object_component>
      <object_component id="oc-19e">
         <name>.stack</name>
         <uninitialized>true</uninitialized>
         <run_address>0x400</run_address>
         <size>0x0</size>
      </object_component>
      <object_component id="oc-5d">
         <name>.ebss</name>
         <uninitialized>true</uninitialized>
         <run_address>0xcf40</run_address>
         <size>0x18</size>
         <input_file_ref idref="fl-7"/>
      </object_component>
      <object_component id="oc-d5">
         <name>.ebss</name>
         <uninitialized>true</uninitialized>
         <run_address>0xcf6e</run_address>
         <size>0x4</size>
         <input_file_ref idref="fl-16"/>
      </object_component>
      <object_component id="oc-141">
         <name>.ebss:_key_delay_cnt</name>
         <uninitialized>true</uninitialized>
         <run_address>0xcf58</run_address>
         <size>0x8</size>
         <input_file_ref idref="fl-16"/>
      </object_component>
      <object_component id="oc-13f">
         <name>.ebss:_key_delay_max</name>
         <uninitialized>true</uninitialized>
         <run_address>0xcf60</run_address>
         <size>0x8</size>
         <input_file_ref idref="fl-16"/>
      </object_component>
      <object_component id="oc-144">
         <name>.ebss:_LCD_char</name>
         <uninitialized>true</uninitialized>
         <run_address>0xcb00</run_address>
         <size>0x240</size>
         <input_file_ref idref="fl-18"/>
      </object_component>
      <object_component id="oc-eb">
         <name>.ebss</name>
         <uninitialized>true</uninitialized>
         <run_address>0xcf7a</run_address>
         <size>0x1</size>
         <input_file_ref idref="fl-1a"/>
      </object_component>
      <object_component id="oc-f2">
         <name>.ebss</name>
         <uninitialized>true</uninitialized>
         <run_address>0xcf68</run_address>
         <size>0x6</size>
         <input_file_ref idref="fl-1b"/>
      </object_component>
      <object_component id="oc-12f">
         <name>.ebss:_u_sample</name>
         <uninitialized>true</uninitialized>
         <run_address>0xce40</run_address>
         <size>0x100</size>
         <input_file_ref idref="fl-1b"/>
      </object_component>
      <object_component id="oc-131">
         <name>.ebss:_i_sample</name>
         <uninitialized>true</uninitialized>
         <run_address>0xcd40</run_address>
         <size>0x100</size>
         <input_file_ref idref="fl-1b"/>
      </object_component>
      <object_component id="oc-f8">
         <name>.ebss</name>
         <uninitialized>true</uninitialized>
         <run_address>0xc000</run_address>
         <size>0xb00</size>
         <input_file_ref idref="fl-1c"/>
      </object_component>
      <object_component id="oc-107">
         <name>.ebss</name>
         <uninitialized>true</uninitialized>
         <run_address>0xcf76</run_address>
         <size>0x4</size>
         <input_file_ref idref="fl-26"/>
      </object_component>
      <object_component id="oc-11d">
         <name>.ebss</name>
         <uninitialized>true</uninitialized>
         <run_address>0xcf72</run_address>
         <size>0x4</size>
         <input_file_ref idref="fl-2b"/>
      </object_component>
      <object_component id="oc-149">
         <name>.econst:_LCD_picture_char</name>
         <load_address>0x339a2c</load_address>
         <run_address>0x339a2c</run_address>
         <size>0x400</size>
         <input_file_ref idref="fl-18"/>
      </object_component>
      <object_component id="oc-148">
         <name>.econst:_LCD_charNumber</name>
         <load_address>0x339e2c</load_address>
         <run_address>0x339e2c</run_address>
         <size>0x1e3</size>
         <input_file_ref idref="fl-18"/>
      </object_component>
      <object_component id="oc-13e">
         <name>.econst:_PieVectTableInit</name>
         <load_address>0x33a010</load_address>
         <run_address>0x33a010</run_address>
         <size>0x100</size>
         <input_file_ref idref="fl-f"/>
      </object_component>
      <object_component id="oc-146">
         <name>.econst:_display_workstatusdata</name>
         <load_address>0x33a110</load_address>
         <run_address>0x33a110</run_address>
         <size>0x2a</size>
         <input_file_ref idref="fl-18"/>
      </object_component>
      <object_component id="oc-143">
         <name>.econst:_display_statusdata</name>
         <load_address>0x33a13a</load_address>
         <run_address>0x33a13a</run_address>
         <size>0x15</size>
         <input_file_ref idref="fl-18"/>
      </object_component>
      <object_component id="oc-cd">
         <name>FPUmathTables</name>
         <load_address>0x3febdc</load_address>
         <run_address>0x3febdc</run_address>
         <size>0x6a0</size>
         <input_file_ref idref="fl-14"/>
      </object_component>
      <object_component id="oc-100">
         <name>.reset</name>
         <load_address>0x3fffc0</load_address>
         <run_address>0x3fffc0</run_address>
         <size>0x2</size>
         <input_file_ref idref="fl-25"/>
      </object_component>
      <object_component id="oc-4c">
         <name>.adc_cal</name>
         <load_address>0x380080</load_address>
         <run_address>0x380080</run_address>
         <size>0x7</size>
         <input_file_ref idref="fl-4"/>
      </object_component>
      <object_component id="oc-4d">
         <name>.debug_line</name>
         <load_address>0x0</load_address>
         <run_address>0x0</run_address>
         <size>0x50</size>
         <input_file_ref idref="fl-4"/>
      </object_component>
      <object_component id="oc-53">
         <name>.debug_line</name>
         <load_address>0x50</load_address>
         <run_address>0x50</run_address>
         <size>0x6f</size>
         <input_file_ref idref="fl-5"/>
      </object_component>
      <object_component id="oc-58">
         <name>.debug_line</name>
         <load_address>0xbf</load_address>
         <run_address>0xbf</run_address>
         <size>0x68</size>
         <input_file_ref idref="fl-6"/>
      </object_component>
      <object_component id="oc-5f">
         <name>.debug_line</name>
         <load_address>0x127</load_address>
         <run_address>0x127</run_address>
         <size>0x80</size>
         <input_file_ref idref="fl-7"/>
      </object_component>
      <object_component id="oc-65">
         <name>.debug_line</name>
         <load_address>0x1a7</load_address>
         <run_address>0x1a7</run_address>
         <size>0x769</size>
         <input_file_ref idref="fl-8"/>
      </object_component>
      <object_component id="oc-6a">
         <name>.debug_line</name>
         <load_address>0x910</load_address>
         <run_address>0x910</run_address>
         <size>0x3a</size>
         <input_file_ref idref="fl-9"/>
      </object_component>
      <object_component id="oc-6f">
         <name>.debug_line</name>
         <load_address>0x94a</load_address>
         <run_address>0x94a</run_address>
         <size>0x104</size>
         <input_file_ref idref="fl-a"/>
      </object_component>
      <object_component id="oc-74">
         <name>.debug_line</name>
         <load_address>0xa4e</load_address>
         <run_address>0xa4e</run_address>
         <size>0xa9</size>
         <input_file_ref idref="fl-b"/>
      </object_component>
      <object_component id="oc-ac">
         <name>.debug_line</name>
         <load_address>0xaf7</load_address>
         <run_address>0xaf7</run_address>
         <size>0x5e</size>
         <input_file_ref idref="fl-d"/>
      </object_component>
      <object_component id="oc-b1">
         <name>.debug_line</name>
         <load_address>0xb55</load_address>
         <run_address>0xb55</run_address>
         <size>0x8d</size>
         <input_file_ref idref="fl-e"/>
      </object_component>
      <object_component id="oc-b6">
         <name>.debug_line</name>
         <load_address>0xbe2</load_address>
         <run_address>0xbe2</run_address>
         <size>0x6f</size>
         <input_file_ref idref="fl-f"/>
      </object_component>
      <object_component id="oc-bb">
         <name>.debug_line</name>
         <load_address>0xc51</load_address>
         <run_address>0xc51</run_address>
         <size>0x39</size>
         <input_file_ref idref="fl-10"/>
      </object_component>
      <object_component id="oc-c0">
         <name>.debug_line</name>
         <load_address>0xc8a</load_address>
         <run_address>0xc8a</run_address>
         <size>0x16b</size>
         <input_file_ref idref="fl-11"/>
      </object_component>
      <object_component id="oc-c5">
         <name>.debug_line</name>
         <load_address>0xdf5</load_address>
         <run_address>0xdf5</run_address>
         <size>0x115</size>
         <input_file_ref idref="fl-12"/>
      </object_component>
      <object_component id="oc-c9">
         <name>.debug_line</name>
         <load_address>0xf0a</load_address>
         <run_address>0xf0a</run_address>
         <size>0x4f</size>
         <input_file_ref idref="fl-13"/>
      </object_component>
      <object_component id="oc-d0">
         <name>.debug_line</name>
         <load_address>0xf59</load_address>
         <run_address>0xf59</run_address>
         <size>0x17f</size>
         <input_file_ref idref="fl-15"/>
      </object_component>
      <object_component id="oc-d7">
         <name>.debug_line</name>
         <load_address>0x10d8</load_address>
         <run_address>0x10d8</run_address>
         <size>0x2eb</size>
         <input_file_ref idref="fl-16"/>
      </object_component>
      <object_component id="oc-dc">
         <name>.debug_line</name>
         <load_address>0x13c3</load_address>
         <run_address>0x13c3</run_address>
         <size>0x32</size>
         <input_file_ref idref="fl-17"/>
      </object_component>
      <object_component id="oc-e1">
         <name>.debug_line</name>
         <load_address>0x13f5</load_address>
         <run_address>0x13f5</run_address>
         <size>0x298</size>
         <input_file_ref idref="fl-18"/>
      </object_component>
      <object_component id="oc-e7">
         <name>.debug_line</name>
         <load_address>0x168d</load_address>
         <run_address>0x168d</run_address>
         <size>0xb1</size>
         <input_file_ref idref="fl-19"/>
      </object_component>
      <object_component id="oc-ed">
         <name>.debug_line</name>
         <load_address>0x173e</load_address>
         <run_address>0x173e</run_address>
         <size>0x210</size>
         <input_file_ref idref="fl-1a"/>
      </object_component>
      <object_component id="oc-f4">
         <name>.debug_line</name>
         <load_address>0x194e</load_address>
         <run_address>0x194e</run_address>
         <size>0x13a</size>
         <input_file_ref idref="fl-1b"/>
      </object_component>
      <object_component id="oc-fb">
         <name>.debug_line</name>
         <load_address>0x1a88</load_address>
         <run_address>0x1a88</run_address>
         <size>0x59</size>
         <input_file_ref idref="fl-1d"/>
      </object_component>
      <object_component id="oc-102">
         <name>.debug_line</name>
         <load_address>0x1ae1</load_address>
         <run_address>0x1ae1</run_address>
         <size>0x6e</size>
         <input_file_ref idref="fl-25"/>
      </object_component>
      <object_component id="oc-108">
         <name>.debug_line</name>
         <load_address>0x1b4f</load_address>
         <run_address>0x1b4f</run_address>
         <size>0x4e</size>
         <input_file_ref idref="fl-26"/>
      </object_component>
      <object_component id="oc-10c">
         <name>.debug_line</name>
         <load_address>0x1b9d</load_address>
         <run_address>0x1b9d</run_address>
         <size>0xed</size>
         <input_file_ref idref="fl-27"/>
      </object_component>
      <object_component id="oc-110">
         <name>.debug_line</name>
         <load_address>0x1c8a</load_address>
         <run_address>0x1c8a</run_address>
         <size>0x63</size>
         <input_file_ref idref="fl-28"/>
      </object_component>
      <object_component id="oc-114">
         <name>.debug_line</name>
         <load_address>0x1ced</load_address>
         <run_address>0x1ced</run_address>
         <size>0x4c</size>
         <input_file_ref idref="fl-29"/>
      </object_component>
      <object_component id="oc-118">
         <name>.debug_line</name>
         <load_address>0x1d39</load_address>
         <run_address>0x1d39</run_address>
         <size>0x37</size>
         <input_file_ref idref="fl-2a"/>
      </object_component>
      <object_component id="oc-11e">
         <name>.debug_line</name>
         <load_address>0x1d70</load_address>
         <run_address>0x1d70</run_address>
         <size>0x58</size>
         <input_file_ref idref="fl-2b"/>
      </object_component>
      <object_component id="oc-122">
         <name>.debug_line</name>
         <load_address>0x1dc8</load_address>
         <run_address>0x1dc8</run_address>
         <size>0x3f</size>
         <input_file_ref idref="fl-2c"/>
      </object_component>
      <object_component id="oc-12a">
         <name>.debug_line</name>
         <load_address>0x1e07</load_address>
         <run_address>0x1e07</run_address>
         <size>0x37</size>
         <input_file_ref idref="fl-3c"/>
      </object_component>
      <object_component id="oc-4e">
         <name>.debug_info</name>
         <load_address>0x0</load_address>
         <run_address>0x0</run_address>
         <size>0xe5</size>
         <input_file_ref idref="fl-4"/>
      </object_component>
      <object_component id="oc-51">
         <name>.debug_info</name>
         <load_address>0xe5</load_address>
         <run_address>0xe5</run_address>
         <size>0x1e1d</size>
         <input_file_ref idref="fl-5"/>
      </object_component>
      <object_component id="oc-59">
         <name>.debug_info</name>
         <load_address>0x1f02</load_address>
         <run_address>0x1f02</run_address>
         <size>0x123</size>
         <input_file_ref idref="fl-6"/>
      </object_component>
      <object_component id="oc-5c">
         <name>.debug_info</name>
         <load_address>0x2025</load_address>
         <run_address>0x2025</run_address>
         <size>0x92a</size>
         <input_file_ref idref="fl-7"/>
      </object_component>
      <object_component id="oc-62">
         <name>.debug_info</name>
         <load_address>0x294f</load_address>
         <run_address>0x294f</run_address>
         <size>0x2485</size>
         <input_file_ref idref="fl-8"/>
      </object_component>
      <object_component id="oc-68">
         <name>.debug_info</name>
         <load_address>0x4dd4</load_address>
         <run_address>0x4dd4</run_address>
         <size>0xa0a</size>
         <input_file_ref idref="fl-9"/>
      </object_component>
      <object_component id="oc-6d">
         <name>.debug_info</name>
         <load_address>0x57de</load_address>
         <run_address>0x57de</run_address>
         <size>0x3bf3</size>
         <input_file_ref idref="fl-a"/>
      </object_component>
      <object_component id="oc-72">
         <name>.debug_info</name>
         <load_address>0x93d1</load_address>
         <run_address>0x93d1</run_address>
         <size>0x287b</size>
         <input_file_ref idref="fl-b"/>
      </object_component>
      <object_component id="oc-77">
         <name>.debug_info</name>
         <load_address>0xbc4c</load_address>
         <run_address>0xbc4c</run_address>
         <size>0x13215</size>
         <input_file_ref idref="fl-c"/>
      </object_component>
      <object_component id="oc-aa">
         <name>.debug_info</name>
         <load_address>0x1ee61</load_address>
         <run_address>0x1ee61</run_address>
         <size>0x42b</size>
         <input_file_ref idref="fl-d"/>
      </object_component>
      <object_component id="oc-af">
         <name>.debug_info</name>
         <load_address>0x1f28c</load_address>
         <run_address>0x1f28c</run_address>
         <size>0xb1a</size>
         <input_file_ref idref="fl-e"/>
      </object_component>
      <object_component id="oc-b4">
         <name>.debug_info</name>
         <load_address>0x1fda6</load_address>
         <run_address>0x1fda6</run_address>
         <size>0x227e</size>
         <input_file_ref idref="fl-f"/>
      </object_component>
      <object_component id="oc-b9">
         <name>.debug_info</name>
         <load_address>0x22024</load_address>
         <run_address>0x22024</run_address>
         <size>0x1b53</size>
         <input_file_ref idref="fl-10"/>
      </object_component>
      <object_component id="oc-be">
         <name>.debug_info</name>
         <load_address>0x23b77</load_address>
         <run_address>0x23b77</run_address>
         <size>0x1fab</size>
         <input_file_ref idref="fl-11"/>
      </object_component>
      <object_component id="oc-c3">
         <name>.debug_info</name>
         <load_address>0x25b22</load_address>
         <run_address>0x25b22</run_address>
         <size>0x23ca</size>
         <input_file_ref idref="fl-12"/>
      </object_component>
      <object_component id="oc-ca">
         <name>.debug_info</name>
         <load_address>0x27eec</load_address>
         <run_address>0x27eec</run_address>
         <size>0xe5</size>
         <input_file_ref idref="fl-13"/>
      </object_component>
      <object_component id="oc-ce">
         <name>.debug_info</name>
         <load_address>0x27fd1</load_address>
         <run_address>0x27fd1</run_address>
         <size>0x2bff</size>
         <input_file_ref idref="fl-15"/>
      </object_component>
      <object_component id="oc-d3">
         <name>.debug_info</name>
         <load_address>0x2abd0</load_address>
         <run_address>0x2abd0</run_address>
         <size>0x222c</size>
         <input_file_ref idref="fl-16"/>
      </object_component>
      <object_component id="oc-da">
         <name>.debug_info</name>
         <load_address>0x2cdfc</load_address>
         <run_address>0x2cdfc</run_address>
         <size>0x307</size>
         <input_file_ref idref="fl-17"/>
      </object_component>
      <object_component id="oc-df">
         <name>.debug_info</name>
         <load_address>0x2d103</load_address>
         <run_address>0x2d103</run_address>
         <size>0x1e09</size>
         <input_file_ref idref="fl-18"/>
      </object_component>
      <object_component id="oc-e4">
         <name>.debug_info</name>
         <load_address>0x2ef0c</load_address>
         <run_address>0x2ef0c</run_address>
         <size>0x31d0</size>
         <input_file_ref idref="fl-19"/>
      </object_component>
      <object_component id="oc-ea">
         <name>.debug_info</name>
         <load_address>0x320dc</load_address>
         <run_address>0x320dc</run_address>
         <size>0x637b</size>
         <input_file_ref idref="fl-1a"/>
      </object_component>
      <object_component id="oc-f0">
         <name>.debug_info</name>
         <load_address>0x38457</load_address>
         <run_address>0x38457</run_address>
         <size>0x10e2</size>
         <input_file_ref idref="fl-1b"/>
      </object_component>
      <object_component id="oc-f7">
         <name>.debug_info</name>
         <load_address>0x39539</load_address>
         <run_address>0x39539</run_address>
         <size>0xde6</size>
         <input_file_ref idref="fl-1c"/>
      </object_component>
      <object_component id="oc-fc">
         <name>.debug_info</name>
         <load_address>0x3a31f</load_address>
         <run_address>0x3a31f</run_address>
         <size>0xd5</size>
         <input_file_ref idref="fl-1d"/>
      </object_component>
      <object_component id="oc-101">
         <name>.debug_info</name>
         <load_address>0x3a3f4</load_address>
         <run_address>0x3a3f4</run_address>
         <size>0xc7</size>
         <input_file_ref idref="fl-25"/>
      </object_component>
      <object_component id="oc-105">
         <name>.debug_info</name>
         <load_address>0x3a4bb</load_address>
         <run_address>0x3a4bb</run_address>
         <size>0x6d8</size>
         <input_file_ref idref="fl-26"/>
      </object_component>
      <object_component id="oc-10b">
         <name>.debug_info</name>
         <load_address>0x3ab93</load_address>
         <run_address>0x3ab93</run_address>
         <size>0xac</size>
         <input_file_ref idref="fl-27"/>
      </object_component>
      <object_component id="oc-10f">
         <name>.debug_info</name>
         <load_address>0x3ac3f</load_address>
         <run_address>0x3ac3f</run_address>
         <size>0xd5</size>
         <input_file_ref idref="fl-28"/>
      </object_component>
      <object_component id="oc-113">
         <name>.debug_info</name>
         <load_address>0x3ad14</load_address>
         <run_address>0x3ad14</run_address>
         <size>0xd5</size>
         <input_file_ref idref="fl-29"/>
      </object_component>
      <object_component id="oc-117">
         <name>.debug_info</name>
         <load_address>0x3ade9</load_address>
         <run_address>0x3ade9</run_address>
         <size>0x422</size>
         <input_file_ref idref="fl-2a"/>
      </object_component>
      <object_component id="oc-11b">
         <name>.debug_info</name>
         <load_address>0x3b20b</load_address>
         <run_address>0x3b20b</run_address>
         <size>0x533</size>
         <input_file_ref idref="fl-2b"/>
      </object_component>
      <object_component id="oc-121">
         <name>.debug_info</name>
         <load_address>0x3b73e</load_address>
         <run_address>0x3b73e</run_address>
         <size>0x4e5</size>
         <input_file_ref idref="fl-2c"/>
      </object_component>
      <object_component id="oc-129">
         <name>.debug_info</name>
         <load_address>0x3bc23</load_address>
         <run_address>0x3bc23</run_address>
         <size>0x422</size>
         <input_file_ref idref="fl-3c"/>
      </object_component>
      <object_component id="oc-19f">
         <name>.debug_info</name>
         <load_address>0x3c045</load_address>
         <run_address>0x3c045</run_address>
         <size>0x90</size>
      </object_component>
      <object_component id="oc-4f">
         <name>.debug_abbrev</name>
         <load_address>0x0</load_address>
         <run_address>0x0</run_address>
         <size>0x2f</size>
         <input_file_ref idref="fl-4"/>
      </object_component>
      <object_component id="oc-54">
         <name>.debug_abbrev</name>
         <load_address>0x2f</load_address>
         <run_address>0x2f</run_address>
         <size>0x10f</size>
         <input_file_ref idref="fl-5"/>
      </object_component>
      <object_component id="oc-5a">
         <name>.debug_abbrev</name>
         <load_address>0x13e</load_address>
         <run_address>0x13e</run_address>
         <size>0x21</size>
         <input_file_ref idref="fl-6"/>
      </object_component>
      <object_component id="oc-60">
         <name>.debug_abbrev</name>
         <load_address>0x15f</load_address>
         <run_address>0x15f</run_address>
         <size>0xfd</size>
         <input_file_ref idref="fl-7"/>
      </object_component>
      <object_component id="oc-66">
         <name>.debug_abbrev</name>
         <load_address>0x25c</load_address>
         <run_address>0x25c</run_address>
         <size>0xde</size>
         <input_file_ref idref="fl-8"/>
      </object_component>
      <object_component id="oc-6b">
         <name>.debug_abbrev</name>
         <load_address>0x33a</load_address>
         <run_address>0x33a</run_address>
         <size>0xdc</size>
         <input_file_ref idref="fl-9"/>
      </object_component>
      <object_component id="oc-70">
         <name>.debug_abbrev</name>
         <load_address>0x416</load_address>
         <run_address>0x416</run_address>
         <size>0xdc</size>
         <input_file_ref idref="fl-a"/>
      </object_component>
      <object_component id="oc-75">
         <name>.debug_abbrev</name>
         <load_address>0x4f2</load_address>
         <run_address>0x4f2</run_address>
         <size>0xdc</size>
         <input_file_ref idref="fl-b"/>
      </object_component>
      <object_component id="oc-a9">
         <name>.debug_abbrev</name>
         <load_address>0x5ce</load_address>
         <run_address>0x5ce</run_address>
         <size>0xb7</size>
         <input_file_ref idref="fl-c"/>
      </object_component>
      <object_component id="oc-ad">
         <name>.debug_abbrev</name>
         <load_address>0x685</load_address>
         <run_address>0x685</run_address>
         <size>0x93</size>
         <input_file_ref idref="fl-d"/>
      </object_component>
      <object_component id="oc-b2">
         <name>.debug_abbrev</name>
         <load_address>0x718</load_address>
         <run_address>0x718</run_address>
         <size>0xc8</size>
         <input_file_ref idref="fl-e"/>
      </object_component>
      <object_component id="oc-b7">
         <name>.debug_abbrev</name>
         <load_address>0x7e0</load_address>
         <run_address>0x7e0</run_address>
         <size>0x116</size>
         <input_file_ref idref="fl-f"/>
      </object_component>
      <object_component id="oc-bc">
         <name>.debug_abbrev</name>
         <load_address>0x8f6</load_address>
         <run_address>0x8f6</run_address>
         <size>0xea</size>
         <input_file_ref idref="fl-10"/>
      </object_component>
      <object_component id="oc-c1">
         <name>.debug_abbrev</name>
         <load_address>0x9e0</load_address>
         <run_address>0x9e0</run_address>
         <size>0x16d</size>
         <input_file_ref idref="fl-11"/>
      </object_component>
      <object_component id="oc-c6">
         <name>.debug_abbrev</name>
         <load_address>0xb4d</load_address>
         <run_address>0xb4d</run_address>
         <size>0x111</size>
         <input_file_ref idref="fl-12"/>
      </object_component>
      <object_component id="oc-cb">
         <name>.debug_abbrev</name>
         <load_address>0xc5e</load_address>
         <run_address>0xc5e</run_address>
         <size>0x2f</size>
         <input_file_ref idref="fl-13"/>
      </object_component>
      <object_component id="oc-d1">
         <name>.debug_abbrev</name>
         <load_address>0xc8d</load_address>
         <run_address>0xc8d</run_address>
         <size>0x128</size>
         <input_file_ref idref="fl-15"/>
      </object_component>
      <object_component id="oc-d8">
         <name>.debug_abbrev</name>
         <load_address>0xdb5</load_address>
         <run_address>0xdb5</run_address>
         <size>0x181</size>
         <input_file_ref idref="fl-16"/>
      </object_component>
      <object_component id="oc-dd">
         <name>.debug_abbrev</name>
         <load_address>0xf36</load_address>
         <run_address>0xf36</run_address>
         <size>0x63</size>
         <input_file_ref idref="fl-17"/>
      </object_component>
      <object_component id="oc-e2">
         <name>.debug_abbrev</name>
         <load_address>0xf99</load_address>
         <run_address>0xf99</run_address>
         <size>0x12a</size>
         <input_file_ref idref="fl-18"/>
      </object_component>
      <object_component id="oc-e8">
         <name>.debug_abbrev</name>
         <load_address>0x10c3</load_address>
         <run_address>0x10c3</run_address>
         <size>0xe7</size>
         <input_file_ref idref="fl-19"/>
      </object_component>
      <object_component id="oc-ee">
         <name>.debug_abbrev</name>
         <load_address>0x11aa</load_address>
         <run_address>0x11aa</run_address>
         <size>0x163</size>
         <input_file_ref idref="fl-1a"/>
      </object_component>
      <object_component id="oc-f5">
         <name>.debug_abbrev</name>
         <load_address>0x130d</load_address>
         <run_address>0x130d</run_address>
         <size>0x163</size>
         <input_file_ref idref="fl-1b"/>
      </object_component>
      <object_component id="oc-f9">
         <name>.debug_abbrev</name>
         <load_address>0x1470</load_address>
         <run_address>0x1470</run_address>
         <size>0x7a</size>
         <input_file_ref idref="fl-1c"/>
      </object_component>
      <object_component id="oc-fd">
         <name>.debug_abbrev</name>
         <load_address>0x14ea</load_address>
         <run_address>0x14ea</run_address>
         <size>0x2f</size>
         <input_file_ref idref="fl-1d"/>
      </object_component>
      <object_component id="oc-103">
         <name>.debug_abbrev</name>
         <load_address>0x1519</load_address>
         <run_address>0x1519</run_address>
         <size>0x44</size>
         <input_file_ref idref="fl-25"/>
      </object_component>
      <object_component id="oc-109">
         <name>.debug_abbrev</name>
         <load_address>0x155d</load_address>
         <run_address>0x155d</run_address>
         <size>0xf6</size>
         <input_file_ref idref="fl-26"/>
      </object_component>
      <object_component id="oc-10d">
         <name>.debug_abbrev</name>
         <load_address>0x1653</load_address>
         <run_address>0x1653</run_address>
         <size>0x36</size>
         <input_file_ref idref="fl-27"/>
      </object_component>
      <object_component id="oc-111">
         <name>.debug_abbrev</name>
         <load_address>0x1689</load_address>
         <run_address>0x1689</run_address>
         <size>0x36</size>
         <input_file_ref idref="fl-28"/>
      </object_component>
      <object_component id="oc-115">
         <name>.debug_abbrev</name>
         <load_address>0x16bf</load_address>
         <run_address>0x16bf</run_address>
         <size>0x36</size>
         <input_file_ref idref="fl-29"/>
      </object_component>
      <object_component id="oc-119">
         <name>.debug_abbrev</name>
         <load_address>0x16f5</load_address>
         <run_address>0x16f5</run_address>
         <size>0x84</size>
         <input_file_ref idref="fl-2a"/>
      </object_component>
      <object_component id="oc-11f">
         <name>.debug_abbrev</name>
         <load_address>0x1779</load_address>
         <run_address>0x1779</run_address>
         <size>0x8b</size>
         <input_file_ref idref="fl-2b"/>
      </object_component>
      <object_component id="oc-123">
         <name>.debug_abbrev</name>
         <load_address>0x1804</load_address>
         <run_address>0x1804</run_address>
         <size>0xd8</size>
         <input_file_ref idref="fl-2c"/>
      </object_component>
      <object_component id="oc-12b">
         <name>.debug_abbrev</name>
         <load_address>0x18dc</load_address>
         <run_address>0x18dc</run_address>
         <size>0x84</size>
         <input_file_ref idref="fl-3c"/>
      </object_component>
      <object_component id="oc-1a0">
         <name>.debug_abbrev</name>
         <load_address>0x1960</load_address>
         <run_address>0x1960</run_address>
         <size>0xf</size>
      </object_component>
      <object_component id="oc-50">
         <name>.debug_aranges</name>
         <load_address>0x0</load_address>
         <run_address>0x0</run_address>
         <size>0x20</size>
         <input_file_ref idref="fl-4"/>
      </object_component>
      <object_component id="oc-55">
         <name>.debug_aranges</name>
         <load_address>0x20</load_address>
         <run_address>0x20</run_address>
         <size>0x20</size>
         <input_file_ref idref="fl-5"/>
      </object_component>
      <object_component id="oc-5b">
         <name>.debug_aranges</name>
         <load_address>0x40</load_address>
         <run_address>0x40</run_address>
         <size>0x28</size>
         <input_file_ref idref="fl-6"/>
      </object_component>
      <object_component id="oc-61">
         <name>.debug_aranges</name>
         <load_address>0x68</load_address>
         <run_address>0x68</run_address>
         <size>0x28</size>
         <input_file_ref idref="fl-7"/>
      </object_component>
      <object_component id="oc-67">
         <name>.debug_aranges</name>
         <load_address>0x90</load_address>
         <run_address>0x90</run_address>
         <size>0x298</size>
         <input_file_ref idref="fl-8"/>
      </object_component>
      <object_component id="oc-6c">
         <name>.debug_aranges</name>
         <load_address>0x328</load_address>
         <run_address>0x328</run_address>
         <size>0x18</size>
         <input_file_ref idref="fl-9"/>
      </object_component>
      <object_component id="oc-71">
         <name>.debug_aranges</name>
         <load_address>0x340</load_address>
         <run_address>0x340</run_address>
         <size>0x30</size>
         <input_file_ref idref="fl-a"/>
      </object_component>
      <object_component id="oc-76">
         <name>.debug_aranges</name>
         <load_address>0x370</load_address>
         <run_address>0x370</run_address>
         <size>0x38</size>
         <input_file_ref idref="fl-b"/>
      </object_component>
      <object_component id="oc-ae">
         <name>.debug_aranges</name>
         <load_address>0x3a8</load_address>
         <run_address>0x3a8</run_address>
         <size>0x20</size>
         <input_file_ref idref="fl-d"/>
      </object_component>
      <object_component id="oc-b3">
         <name>.debug_aranges</name>
         <load_address>0x3c8</load_address>
         <run_address>0x3c8</run_address>
         <size>0x28</size>
         <input_file_ref idref="fl-e"/>
      </object_component>
      <object_component id="oc-b8">
         <name>.debug_aranges</name>
         <load_address>0x3f0</load_address>
         <run_address>0x3f0</run_address>
         <size>0x20</size>
         <input_file_ref idref="fl-f"/>
      </object_component>
      <object_component id="oc-bd">
         <name>.debug_aranges</name>
         <load_address>0x410</load_address>
         <run_address>0x410</run_address>
         <size>0x18</size>
         <input_file_ref idref="fl-10"/>
      </object_component>
      <object_component id="oc-c2">
         <name>.debug_aranges</name>
         <load_address>0x428</load_address>
         <run_address>0x428</run_address>
         <size>0x50</size>
         <input_file_ref idref="fl-11"/>
      </object_component>
      <object_component id="oc-c7">
         <name>.debug_aranges</name>
         <load_address>0x478</load_address>
         <run_address>0x478</run_address>
         <size>0x30</size>
         <input_file_ref idref="fl-12"/>
      </object_component>
      <object_component id="oc-cc">
         <name>.debug_aranges</name>
         <load_address>0x4a8</load_address>
         <run_address>0x4a8</run_address>
         <size>0x20</size>
         <input_file_ref idref="fl-13"/>
      </object_component>
      <object_component id="oc-d2">
         <name>.debug_aranges</name>
         <load_address>0x4c8</load_address>
         <run_address>0x4c8</run_address>
         <size>0x38</size>
         <input_file_ref idref="fl-15"/>
      </object_component>
      <object_component id="oc-d9">
         <name>.debug_aranges</name>
         <load_address>0x500</load_address>
         <run_address>0x500</run_address>
         <size>0x68</size>
         <input_file_ref idref="fl-16"/>
      </object_component>
      <object_component id="oc-de">
         <name>.debug_aranges</name>
         <load_address>0x568</load_address>
         <run_address>0x568</run_address>
         <size>0x18</size>
         <input_file_ref idref="fl-17"/>
      </object_component>
      <object_component id="oc-e3">
         <name>.debug_aranges</name>
         <load_address>0x580</load_address>
         <run_address>0x580</run_address>
         <size>0x68</size>
         <input_file_ref idref="fl-18"/>
      </object_component>
      <object_component id="oc-e9">
         <name>.debug_aranges</name>
         <load_address>0x5e8</load_address>
         <run_address>0x5e8</run_address>
         <size>0x38</size>
         <input_file_ref idref="fl-19"/>
      </object_component>
      <object_component id="oc-ef">
         <name>.debug_aranges</name>
         <load_address>0x620</load_address>
         <run_address>0x620</run_address>
         <size>0x38</size>
         <input_file_ref idref="fl-1a"/>
      </object_component>
      <object_component id="oc-f6">
         <name>.debug_aranges</name>
         <load_address>0x658</load_address>
         <run_address>0x658</run_address>
         <size>0x50</size>
         <input_file_ref idref="fl-1b"/>
      </object_component>
      <object_component id="oc-fe">
         <name>.debug_aranges</name>
         <load_address>0x6a8</load_address>
         <run_address>0x6a8</run_address>
         <size>0x20</size>
         <input_file_ref idref="fl-1d"/>
      </object_component>
      <object_component id="oc-52">
         <name>.debug_frame</name>
         <load_address>0x0</load_address>
         <run_address>0x0</run_address>
         <size>0x40</size>
         <input_file_ref idref="fl-5"/>
      </object_component>
      <object_component id="oc-5e">
         <name>.debug_frame</name>
         <load_address>0x40</load_address>
         <run_address>0x40</run_address>
         <size>0x5c</size>
         <input_file_ref idref="fl-7"/>
      </object_component>
      <object_component id="oc-64">
         <name>.debug_frame</name>
         <load_address>0x9c</load_address>
         <run_address>0x9c</run_address>
         <size>0xa30</size>
         <input_file_ref idref="fl-8"/>
      </object_component>
      <object_component id="oc-69">
         <name>.debug_frame</name>
         <load_address>0xacc</load_address>
         <run_address>0xacc</run_address>
         <size>0x28</size>
         <input_file_ref idref="fl-9"/>
      </object_component>
      <object_component id="oc-6e">
         <name>.debug_frame</name>
         <load_address>0xaf4</load_address>
         <run_address>0xaf4</run_address>
         <size>0x70</size>
         <input_file_ref idref="fl-a"/>
      </object_component>
      <object_component id="oc-73">
         <name>.debug_frame</name>
         <load_address>0xb64</load_address>
         <run_address>0xb64</run_address>
         <size>0x88</size>
         <input_file_ref idref="fl-b"/>
      </object_component>
      <object_component id="oc-ab">
         <name>.debug_frame</name>
         <load_address>0xbec</load_address>
         <run_address>0xbec</run_address>
         <size>0x44</size>
         <input_file_ref idref="fl-d"/>
      </object_component>
      <object_component id="oc-b0">
         <name>.debug_frame</name>
         <load_address>0xc30</load_address>
         <run_address>0xc30</run_address>
         <size>0x58</size>
         <input_file_ref idref="fl-e"/>
      </object_component>
      <object_component id="oc-b5">
         <name>.debug_frame</name>
         <load_address>0xc88</load_address>
         <run_address>0xc88</run_address>
         <size>0x44</size>
         <input_file_ref idref="fl-f"/>
      </object_component>
      <object_component id="oc-ba">
         <name>.debug_frame</name>
         <load_address>0xccc</load_address>
         <run_address>0xccc</run_address>
         <size>0x28</size>
         <input_file_ref idref="fl-10"/>
      </object_component>
      <object_component id="oc-bf">
         <name>.debug_frame</name>
         <load_address>0xcf4</load_address>
         <run_address>0xcf4</run_address>
         <size>0xd8</size>
         <input_file_ref idref="fl-11"/>
      </object_component>
      <object_component id="oc-c4">
         <name>.debug_frame</name>
         <load_address>0xdcc</load_address>
         <run_address>0xdcc</run_address>
         <size>0x70</size>
         <input_file_ref idref="fl-12"/>
      </object_component>
      <object_component id="oc-cf">
         <name>.debug_frame</name>
         <load_address>0xe3c</load_address>
         <run_address>0xe3c</run_address>
         <size>0x90</size>
         <input_file_ref idref="fl-15"/>
      </object_component>
      <object_component id="oc-d6">
         <name>.debug_frame</name>
         <load_address>0xecc</load_address>
         <run_address>0xecc</run_address>
         <size>0x15c</size>
         <input_file_ref idref="fl-16"/>
      </object_component>
      <object_component id="oc-db">
         <name>.debug_frame</name>
         <load_address>0x1028</load_address>
         <run_address>0x1028</run_address>
         <size>0x28</size>
         <input_file_ref idref="fl-17"/>
      </object_component>
      <object_component id="oc-e0">
         <name>.debug_frame</name>
         <load_address>0x1050</load_address>
         <run_address>0x1050</run_address>
         <size>0x13c</size>
         <input_file_ref idref="fl-18"/>
      </object_component>
      <object_component id="oc-e6">
         <name>.debug_frame</name>
         <load_address>0x118c</load_address>
         <run_address>0x118c</run_address>
         <size>0x124</size>
         <input_file_ref idref="fl-19"/>
      </object_component>
      <object_component id="oc-ec">
         <name>.debug_frame</name>
         <load_address>0x12b0</load_address>
         <run_address>0x12b0</run_address>
         <size>0x98</size>
         <input_file_ref idref="fl-1a"/>
      </object_component>
      <object_component id="oc-f3">
         <name>.debug_frame</name>
         <load_address>0x1348</load_address>
         <run_address>0x1348</run_address>
         <size>0xe8</size>
         <input_file_ref idref="fl-1b"/>
      </object_component>
   </object_component_list>
   <logical_group_list>
      <logical_group id="lg-2" display="no" color="cyan">
         <name>PieVectTableFile</name>
         <run_address>0xd00</run_address>
         <size>0x100</size>
         <contents>
            <object_component_ref idref="oc-a8"/>
         </contents>
      </logical_group>
      <logical_group id="lg-3" display="no" color="cyan">
         <name>DevEmuRegsFile</name>
         <run_address>0x880</run_address>
         <size>0xd0</size>
         <contents>
            <object_component_ref idref="oc-a4"/>
         </contents>
      </logical_group>
      <logical_group id="lg-4" display="no" color="cyan">
         <name>FlashRegsFile</name>
         <run_address>0xa80</run_address>
         <size>0x8</size>
         <contents>
            <object_component_ref idref="oc-7c"/>
         </contents>
      </logical_group>
      <logical_group id="lg-5" display="no" color="cyan">
         <name>CsmRegsFile</name>
         <run_address>0xae0</run_address>
         <size>0x10</size>
         <contents>
            <object_component_ref idref="oc-7f"/>
         </contents>
      </logical_group>
      <logical_group id="lg-6" display="no" color="cyan">
         <name>AdcMirrorFile</name>
         <run_address>0xb00</run_address>
         <size>0x10</size>
         <contents>
            <object_component_ref idref="oc-7e"/>
         </contents>
      </logical_group>
      <logical_group id="lg-7" display="no" color="cyan">
         <name>XintfRegsFile</name>
         <run_address>0xb20</run_address>
         <size>0x1e</size>
         <contents>
            <object_component_ref idref="oc-87"/>
         </contents>
      </logical_group>
      <logical_group id="lg-8" display="no" color="cyan">
         <name>CpuTimer0RegsFile</name>
         <run_address>0xc00</run_address>
         <size>0x8</size>
         <contents>
            <object_component_ref idref="oc-78"/>
         </contents>
      </logical_group>
      <logical_group id="lg-9" display="no" color="cyan">
         <name>CpuTimer1RegsFile</name>
         <run_address>0xc08</run_address>
         <size>0x8</size>
         <contents>
            <object_component_ref idref="oc-79"/>
         </contents>
      </logical_group>
      <logical_group id="lg-a" display="no" color="cyan">
         <name>CpuTimer2RegsFile</name>
         <run_address>0xc10</run_address>
         <size>0x8</size>
         <contents>
            <object_component_ref idref="oc-7a"/>
         </contents>
      </logical_group>
      <logical_group id="lg-b" display="no" color="cyan">
         <name>PieCtrlRegsFile</name>
         <run_address>0xce0</run_address>
         <size>0x1a</size>
         <contents>
            <object_component_ref idref="oc-85"/>
         </contents>
      </logical_group>
      <logical_group id="lg-c" display="no" color="cyan">
         <name>DmaRegsFile</name>
         <run_address>0x1000</run_address>
         <size>0xe0</size>
         <contents>
            <object_component_ref idref="oc-a5"/>
         </contents>
      </logical_group>
      <logical_group id="lg-d" display="no" color="cyan">
         <name>McbspaRegsFile</name>
         <run_address>0x5000</run_address>
         <size>0x25</size>
         <contents>
            <object_component_ref idref="oc-97"/>
         </contents>
      </logical_group>
      <logical_group id="lg-e" display="no" color="cyan">
         <name>McbspbRegsFile</name>
         <run_address>0x5040</run_address>
         <size>0x25</size>
         <contents>
            <object_component_ref idref="oc-98"/>
         </contents>
      </logical_group>
      <logical_group id="lg-f" display="no" color="cyan">
         <name>ECanaRegsFile</name>
         <run_address>0x6000</run_address>
         <size>0x34</size>
         <contents>
            <object_component_ref idref="oc-9a"/>
         </contents>
      </logical_group>
      <logical_group id="lg-10" display="no" color="cyan">
         <name>ECanaLAMRegsFile</name>
         <run_address>0x6040</run_address>
         <size>0x40</size>
         <contents>
            <object_component_ref idref="oc-9c"/>
         </contents>
      </logical_group>
      <logical_group id="lg-11" display="no" color="cyan">
         <name>ECanaMboxesFile</name>
         <run_address>0x6100</run_address>
         <size>0x100</size>
         <contents>
            <object_component_ref idref="oc-a6"/>
         </contents>
      </logical_group>
      <logical_group id="lg-12" display="no" color="cyan">
         <name>ECanaMOTSRegsFile</name>
         <run_address>0x6080</run_address>
         <size>0x40</size>
         <contents>
            <object_component_ref idref="oc-9d"/>
         </contents>
      </logical_group>
      <logical_group id="lg-13" display="no" color="cyan">
         <name>ECanaMOTORegsFile</name>
         <run_address>0x60c0</run_address>
         <size>0x40</size>
         <contents>
            <object_component_ref idref="oc-9e"/>
         </contents>
      </logical_group>
      <logical_group id="lg-14" display="no" color="cyan">
         <name>ECanbRegsFile</name>
         <run_address>0x6200</run_address>
         <size>0x34</size>
         <contents>
            <object_component_ref idref="oc-9b"/>
         </contents>
      </logical_group>
      <logical_group id="lg-15" display="no" color="cyan">
         <name>ECanbLAMRegsFile</name>
         <run_address>0x6240</run_address>
         <size>0x40</size>
         <contents>
            <object_component_ref idref="oc-9f"/>
         </contents>
      </logical_group>
      <logical_group id="lg-16" display="no" color="cyan">
         <name>ECanbMboxesFile</name>
         <run_address>0x6300</run_address>
         <size>0x100</size>
         <contents>
            <object_component_ref idref="oc-a7"/>
         </contents>
      </logical_group>
      <logical_group id="lg-17" display="no" color="cyan">
         <name>ECanbMOTSRegsFile</name>
         <run_address>0x6280</run_address>
         <size>0x40</size>
         <contents>
            <object_component_ref idref="oc-a0"/>
         </contents>
      </logical_group>
      <logical_group id="lg-18" display="no" color="cyan">
         <name>ECanbMOTORegsFile</name>
         <run_address>0x62c0</run_address>
         <size>0x40</size>
         <contents>
            <object_component_ref idref="oc-a1"/>
         </contents>
      </logical_group>
      <logical_group id="lg-19" display="no" color="cyan">
         <name>EPwm1RegsFile</name>
         <run_address>0x6800</run_address>
         <size>0x22</size>
[...]
      </symbol>
      <symbol id="sm-2a5">
         <name>_ECanaMOTORegs</name>
         <value>0x60c0</value>
         <object_component_ref idref="oc-9e"/>
      </symbol>
      <symbol id="sm-2a6">
         <name>_EPwm3Regs</name>
         <value>0x6880</value>
         <object_component_ref idref="oc-92"/>
      </symbol>
      <symbol id="sm-2a7">
         <name>_ECanbLAMRegs</name>
         <value>0x6240</value>
         <object_component_ref idref="oc-9f"/>
      </symbol>
      <symbol id="sm-2a8">
         <name>_I2caRegs</name>
         <value>0x7900</value>
         <object_component_ref idref="oc-96"/>
      </symbol>
      <symbol id="sm-2b6">
         <name>_MemCopy</name>
         <value>0x3399fc</value>
         <object_component_ref idref="oc-136"/>
      </symbol>
      <symbol id="sm-2c3">
         <name>_InitPieCtrl</name>
         <value>0x339944</value>
         <object_component_ref idref="oc-134"/>
      </symbol>
      <symbol id="sm-2c5">
         <name>_EnableInterrupts</name>
         <value>0x339963</value>
         <object_component_ref idref="oc-134"/>
      </symbol>
      <symbol id="sm-2d6">
         <name>_PieVectTableInit</name>
         <value>0x33a010</value>
         <object_component_ref idref="oc-13e"/>
      </symbol>
      <symbol id="sm-2d7">
         <name>_InitPieVectTable</name>
         <value>0x3399af</value>
         <object_component_ref idref="oc-135"/>
      </symbol>
      <symbol id="sm-2f8">
         <name>_InitPll</name>
         <value>0x3392cc</value>
         <object_component_ref idref="oc-133"/>
      </symbol>
      <symbol id="sm-2fa">
         <name>_DisableDog</name>
         <value>0x3392c4</value>
         <object_component_ref idref="oc-133"/>
      </symbol>
      <symbol id="sm-2fc">
         <name>_InitPeripheralClocks</name>
         <value>0x33931c</value>
         <object_component_ref idref="oc-133"/>
      </symbol>
      <symbol id="sm-2fe">
         <name>_InitFlash</name>
         <value>0x8000</value>
         <object_component_ref idref="oc-137"/>
      </symbol>
      <symbol id="sm-300">
         <name>_CsmUnlock</name>
         <value>0x339372</value>
         <object_component_ref idref="oc-133"/>
      </symbol>
      <symbol id="sm-302">
         <name>_ServiceDog</name>
         <value>0x3392ba</value>
         <object_component_ref idref="oc-133"/>
      </symbol>
      <symbol id="sm-304">
         <name>_InitSysCtrl</name>
         <value>0x3392b1</value>
         <object_component_ref idref="oc-133"/>
      </symbol>
      <symbol id="sm-311">
         <name>_InitXintf16Gpio</name>
         <value>0x33910e</value>
         <object_component_ref idref="oc-13c"/>
      </symbol>
      <symbol id="sm-313">
         <name>_InitXintf</name>
         <value>0x339072</value>
         <object_component_ref idref="oc-13c"/>
      </symbol>
      <symbol id="sm-315">
         <name>_InitXintf32Gpio</name>
         <value>0x3390c7</value>
         <object_component_ref idref="oc-13c"/>
      </symbol>
      <symbol id="sm-322">
         <name>_DSP28x_usDelay</name>
         <value>0x801b</value>
         <object_component_ref idref="oc-c8"/>
      </symbol>
      <symbol id="sm-32a">
         <name>_FPUsinTable</name>
         <value>0x3febdc</value>
         <object_component_ref idref="oc-cd"/>
      </symbol>
      <symbol id="sm-32b">
         <name>_FPUatan2HalfPITable</name>
         <value>0x3ff0de</value>
         <object_component_ref idref="oc-cd"/>
      </symbol>
      <symbol id="sm-32c">
         <name>_FPUatan2Table</name>
         <value>0x3ff0e2</value>
         <object_component_ref idref="oc-cd"/>
      </symbol>
      <symbol id="sm-32d">
         <name>_FPUatan2TableEnd</name>
         <value>0x3ff268</value>
         <object_component_ref idref="oc-cd"/>
      </symbol>
      <symbol id="sm-32e">
         <name>_FPUcosTableEnd</name>
         <value>0x3ff0de</value>
         <object_component_ref idref="oc-cd"/>
      </symbol>
      <symbol id="sm-32f">
         <name>_FPUcosTable</name>
         <value>0x3fecdc</value>
         <object_component_ref idref="oc-cd"/>
      </symbol>
      <symbol id="sm-330">
         <name>_FPUsinTableEnd</name>
         <value>0x3fefdc</value>
         <object_component_ref idref="oc-cd"/>
      </symbol>
      <symbol id="sm-34e">
         <name>_PI_Init</name>
         <value>0x3389fc</value>
         <object_component_ref idref="oc-12d"/>
      </symbol>
      <symbol id="sm-350">
         <name>_PI_deal</name>
         <value>0x338ac5</value>
         <object_component_ref idref="oc-12d"/>
      </symbol>
      <symbol id="sm-352">
         <name>_PWM_Deal</name>
         <value>0x338b5d</value>
         <object_component_ref idref="oc-12d"/>
      </symbol>
      <symbol id="sm-354">
         <name>_Work_Deal</name>
         <value>0x338bf9</value>
         <object_component_ref idref="oc-12d"/>
      </symbol>
      <symbol id="sm-3a9">
         <name>_keyIO_scan</name>
         <value>0x338000</value>
         <object_component_ref idref="oc-13b"/>
      </symbol>
      <symbol id="sm-3ab">
         <name>_key_judge1</name>
         <value>0x33804f</value>
         <object_component_ref idref="oc-13b"/>
      </symbol>
      <symbol id="sm-3ad">
         <name>_key_judge2</name>
         <value>0x33808e</value>
         <object_component_ref idref="oc-13b"/>
      </symbol>
      <symbol id="sm-3af">
         <name>_menu_lcddisplay_datadeal2</name>
         <value>0x3382b8</value>
         <object_component_ref idref="oc-13b"/>
      </symbol>
      <symbol id="sm-3b1">
         <name>_menu_lcddisplay_datadeal1</name>
         <value>0x33819e</value>
         <object_component_ref idref="oc-13b"/>
      </symbol>
      <symbol id="sm-3b3">
         <name>_key_judge</name>
         <value>0x3380c9</value>
         <object_component_ref idref="oc-13b"/>
      </symbol>
      <symbol id="sm-3b5">
         <name>_key_delay_max</name>
         <value>0xcf60</value>
         <object_component_ref idref="oc-13f"/>
      </symbol>
      <symbol id="sm-3b6">
         <name>_menu_deal</name>
         <value>0x338356</value>
         <object_component_ref idref="oc-13b"/>
      </symbol>
      <symbol id="sm-3b8">
         <name>_Keysjudge_cnt</name>
         <value>0xcf6e</value>
         <object_component_ref idref="oc-d5"/>
      </symbol>
      <symbol id="sm-3b9">
         <name>_key_delay_cnt</name>
         <value>0xcf58</value>
         <object_component_ref idref="oc-141"/>
      </symbol>
      <symbol id="sm-3ba">
         <name>_menu_init</name>
         <value>0x338335</value>
         <object_component_ref idref="oc-13b"/>
      </symbol>
      <symbol id="sm-3bc">
         <name>_menu_key_deal</name>
         <value>0x338101</value>
         <object_component_ref idref="oc-13b"/>
      </symbol>
      <symbol id="sm-3be">
         <name>_DATA_displaydata_init</name>
         <value>0x33818a</value>
         <object_component_ref idref="oc-13b"/>
      </symbol>
      <symbol id="sm-3c0">
         <name>_Keyjudge_delay</name>
         <value>0xcf6f</value>
         <object_component_ref idref="oc-d5"/>
      </symbol>
      <symbol id="sm-403">
         <name>_LCD_picture_char</name>
         <value>0x339a2c</value>
         <object_component_ref idref="oc-149"/>
      </symbol>
      <symbol id="sm-404">
         <name>_WriteLcdDat</name>
         <value>0x3383ae</value>
         <object_component_ref idref="oc-147"/>
      </symbol>
      <symbol id="sm-406">
         <name>_Delay_us</name>
         <value>0x33837f</value>
         <object_component_ref idref="oc-147"/>
      </symbol>
      <symbol id="sm-408">
         <name>_LCD_char</name>
         <value>0xcb00</value>
         <object_component_ref idref="oc-144"/>
      </symbol>
      <symbol id="sm-409">
         <name>_LCD_charNumber</name>
         <value>0x339e2c</value>
         <object_component_ref idref="oc-148"/>
      </symbol>
      <symbol id="sm-40a">
         <name>_display_workstatusdata</name>
         <value>0x33a110</value>
         <object_component_ref idref="oc-146"/>
      </symbol>
      <symbol id="sm-40b">
         <name>_CLEAR_Screen</name>
         <value>0x33840e</value>
         <object_component_ref idref="oc-147"/>
      </symbol>
      <symbol id="sm-40d">
         <name>_LCD12864_init</name>
         <value>0x3383cc</value>
         <object_component_ref idref="oc-147"/>
      </symbol>
      <symbol id="sm-40f">
         <name>_lcd_display_shuju_deal2</name>
         <value>0x338664</value>
         <object_component_ref idref="oc-147"/>
      </symbol>
      <symbol id="sm-411">
         <name>_lcd_display_shuju_deal3</name>
         <value>0x3385b3</value>
         <object_component_ref idref="oc-147"/>
      </symbol>
      <symbol id="sm-413">
         <name>_lcd12864_display_picture</name>
         <value>0x338486</value>
         <object_component_ref idref="oc-147"/>
      </symbol>
      <symbol id="sm-415">
         <name>_WriteLcdCom</name>
         <value>0x338390</value>
         <object_component_ref idref="oc-147"/>
      </symbol>
      <symbol id="sm-417">
         <name>_lcd_display_shuju_deal</name>
         <value>0x3384c2</value>
         <object_component_ref idref="oc-147"/>
      </symbol>
      <symbol id="sm-419">
         <name>_lcd12864_display_char</name>
         <value>0x338434</value>
         <object_component_ref idref="oc-147"/>
      </symbol>
      <symbol id="sm-41b">
         <name>_display_statusdata</name>
         <value>0x33a13a</value>
         <object_component_ref idref="oc-143"/>
      </symbol>
      <symbol id="sm-427">
         <name>_adc_isr</name>
         <value>0x339635</value>
         <object_component_ref idref="oc-e5"/>
      </symbol>
      <symbol id="sm-429">
         <name>_cpu_timer0_isr</name>
         <value>0x339670</value>
         <object_component_ref idref="oc-e5"/>
      </symbol>
      <symbol id="sm-42b">
         <name>_epwm1tz_isr</name>
         <value>0x339607</value>
         <object_component_ref idref="oc-e5"/>
      </symbol>
      <symbol id="sm-42d">
         <name>_epwm1_isr</name>
         <value>0x33961c</value>
         <object_component_ref idref="oc-e5"/>
      </symbol>
      <symbol id="sm-456">
         <name>_main</name>
         <value>0x338c51</value>
         <object_component_ref idref="oc-12e"/>
      </symbol>
      <symbol id="sm-458">
         <name>_InitGpio</name>
         <value>0x338cec</value>
         <object_component_ref idref="oc-12e"/>
      </symbol>
      <symbol id="sm-45a">
         <name>_delay</name>
         <value>0x338cd4</value>
         <object_component_ref idref="oc-12e"/>
      </symbol>
      <symbol id="sm-45c">
         <name>_delayt</name>
         <value>0xcf7a</value>
         <object_component_ref idref="oc-eb"/>
      </symbol>
      <symbol id="sm-45d">
         <name>_data_Init</name>
         <value>0x338d42</value>
         <object_component_ref idref="oc-12e"/>
      </symbol>
      <symbol id="sm-481">
         <name>_i_sample</name>
         <value>0xcd40</value>
         <object_component_ref idref="oc-131"/>
      </symbol>
      <symbol id="sm-482">
         <name>_u_sample</name>
         <value>0xce40</value>
         <object_component_ref idref="oc-12f"/>
      </symbol>
      <symbol id="sm-483">
         <name>_Calc_rms</name>
         <value>0x338e8f</value>
         <object_component_ref idref="oc-12c"/>
      </symbol>
      <symbol id="sm-485">
         <name>_fft_deal</name>
         <value>0x338fef</value>
         <object_component_ref idref="oc-12c"/>
      </symbol>
      <symbol id="sm-487">
         <name>_Calc_ave</name>
         <value>0x338f5e</value>
         <object_component_ref idref="oc-12c"/>
      </symbol>
      <symbol id="sm-489">
         <name>_calculateTHD</name>
         <value>0x338fa5</value>
         <object_component_ref idref="oc-12c"/>
      </symbol>
      <symbol id="sm-48b">
         <name>_power_deal</name>
         <value>0x338f0f</value>
         <object_component_ref idref="oc-12c"/>
      </symbol>
      <symbol id="sm-48d">
         <name>_SYSTEM_monitor</name>
         <value>0x339063</value>
         <object_component_ref idref="oc-12c"/>
      </symbol>
      <symbol id="sm-48f">
         <name>_ADCdata_Deal</name>
         <value>0x33901d</value>
         <object_component_ref idref="oc-12c"/>
      </symbol>
      <symbol id="sm-498">
         <name>_System</name>
         <value>0xc01a</value>
         <object_component_ref idref="oc-f8"/>
      </symbol>
      <symbol id="sm-499">
         <name>_Menu_display</name>
         <value>0xc02a</value>
         <object_component_ref idref="oc-f8"/>
      </symbol>
      <symbol id="sm-49a">
         <name>_AC_Uin</name>
         <value>0xc380</value>
         <object_component_ref idref="oc-f8"/>
      </symbol>
      <symbol id="sm-49b">
         <name>_Single</name>
         <value>0xc006</value>
         <object_component_ref idref="oc-f8"/>
      </symbol>
      <symbol id="sm-49c">
         <name>_AC_Iin</name>
         <value>0xc540</value>
         <object_component_ref idref="oc-f8"/>
      </symbol>
      <symbol id="sm-49d">
         <name>_PI_IS</name>
         <value>0xc040</value>
         <object_component_ref idref="oc-f8"/>
      </symbol>
      <symbol id="sm-49e">
         <name>_PI_IQ</name>
         <value>0xc05a</value>
         <object_component_ref idref="oc-f8"/>
      </symbol>
      <symbol id="sm-49f">
         <name>_PI_IV</name>
         <value>0xc09a</value>
         <object_component_ref idref="oc-f8"/>
      </symbol>
      <symbol id="sm-4a0">
         <name>_PI_IW</name>
         <value>0xc0c0</value>
         <object_component_ref idref="oc-f8"/>
      </symbol>
      <symbol id="sm-4a1">
         <name>_PI_IU</name>
         <value>0xc080</value>
         <object_component_ref idref="oc-f8"/>
      </symbol>
      <symbol id="sm-4a2">
         <name>_FFT</name>
         <value>0xc700</value>
         <object_component_ref idref="oc-f8"/>
      </symbol>
      <symbol id="sm-4a3">
         <name>_DC_Untc</name>
         <value>0xc200</value>
         <object_component_ref idref="oc-f8"/>
      </symbol>
      <symbol id="sm-4a4">
         <name>_DC_U2</name>
         <value>0xc180</value>
         <object_component_ref idref="oc-f8"/>
      </symbol>
      <symbol id="sm-4a5">
         <name>_DC_U1</name>
         <value>0xc100</value>
         <object_component_ref idref="oc-f8"/>
      </symbol>
      <symbol id="sm-4a6">
         <name>_PD1</name>
         <value>0xc240</value>
         <object_component_ref idref="oc-f8"/>
      </symbol>
      <symbol id="sm-4a7">
         <name>_Da_bl</name>
         <value>0xc002</value>
         <object_component_ref idref="oc-f8"/>
      </symbol>
      <symbol id="sm-4a8">
         <name>_DC_I2</name>
         <value>0xc1c0</value>
         <object_component_ref idref="oc-f8"/>
      </symbol>
      <symbol id="sm-4a9">
         <name>_DC_I1</name>
         <value>0xc140</value>
         <object_component_ref idref="oc-f8"/>
      </symbol>
      <symbol id="sm-4aa">
         <name>_Menu_key</name>
         <value>0xc000</value>
         <object_component_ref idref="oc-f8"/>
      </symbol>
      <symbol id="sm-4ab">
         <name>_Menu_cmd</name>
         <value>0xc00e</value>
         <object_component_ref idref="oc-f8"/>
      </symbol>
      <symbol id="sm-4b7">
         <name>_sqrt</name>
         <value>0x33998e</value>
         <object_component_ref idref="oc-fa"/>
      </symbol>
      <symbol id="sm-4c3">
         <name>__stack</name>
         <value>0x400</value>
         <object_component_ref idref="oc-ff"/>
      </symbol>
      <symbol id="sm-4c4">
         <name>_c_int00</name>
         <value>0x3398ba</value>
         <object_component_ref idref="oc-4b"/>
      </symbol>
      <symbol id="sm-4d2">
         <name>__dtors_ptr</name>
         <value>0xcf78</value>
         <object_component_ref idref="oc-107"/>
      </symbol>
      <symbol id="sm-4d3">
         <name>C$$EXIT</name>
         <value>0x3399cf</value>
         <object_component_ref idref="oc-104"/>
      </symbol>
      <symbol id="sm-4d4">
         <name>_abort</name>
         <value>0x3399cf</value>
         <object_component_ref idref="oc-104"/>
      </symbol>
      <symbol id="sm-4d5">
         <name>_exit</name>
         <value>0x3399d1</value>
         <object_component_ref idref="oc-104"/>
      </symbol>
      <symbol id="sm-4d6">
         <name>__cleanup_ptr</name>
         <value>0xcf76</value>
         <object_component_ref idref="oc-107"/>
      </symbol>
      <symbol id="sm-4de">
         <name>FS$$DIV</name>
         <value>0x3393a3</value>
         <object_component_ref idref="oc-10a"/>
      </symbol>
      <symbol id="sm-4e6">
         <name>I$$DIV</name>
         <value>0x33996c</value>
         <object_component_ref idref="oc-10e"/>
      </symbol>
      <symbol id="sm-4e7">
         <name>I$$MOD</name>
         <value>0x33997d</value>
         <object_component_ref idref="oc-10e"/>
      </symbol>
      <symbol id="sm-4ef">
         <name>U$$MOD</name>
         <value>0x339a14</value>
         <object_component_ref idref="oc-112"/>
      </symbol>
      <symbol id="sm-4f0">
         <name>U$$DIV</name>
         <value>0x339a0f</value>
         <object_component_ref idref="oc-112"/>
      </symbol>
      <symbol id="sm-4fa">
         <name>_sin</name>
         <value>0x3397c4</value>
         <object_component_ref idref="oc-116"/>
      </symbol>
      <symbol id="sm-508">
         <name>__lock</name>
         <value>0xcf74</value>
         <object_component_ref idref="oc-11d"/>
      </symbol>
      <symbol id="sm-509">
         <name>__register_unlock</name>
         <value>0x339a1a</value>
         <object_component_ref idref="oc-11a"/>
      </symbol>
      <symbol id="sm-50a">
         <name>__nop</name>
         <value>0x339a22</value>
         <object_component_ref idref="oc-11a"/>
      </symbol>
      <symbol id="sm-50b">
         <name>__register_lock</name>
         <value>0x339a1e</value>
         <object_component_ref idref="oc-11a"/>
      </symbol>
      <symbol id="sm-50c">
         <name>__unlock</name>
         <value>0xcf72</value>
         <object_component_ref idref="oc-11d"/>
      </symbol>
      <symbol id="sm-516">
         <name>__args_main</name>
         <value>0x3399e7</value>
         <object_component_ref idref="oc-120"/>
      </symbol>
      <symbol id="sm-51a">
         <name>_RFFT_f32u</name>
         <value>0x339582</value>
         <object_component_ref idref="oc-124"/>
      </symbol>
      <symbol id="sm-51b">
         <name>_rfft_f32u_Stages1and2and3andBitReverse</name>
         <value>0x33958b</value>
         <object_component_ref idref="oc-124"/>
      </symbol>
      <symbol id="sm-51f">
         <name>_RFFT_f32_sincostable</name>
         <value>0x339685</value>
         <object_component_ref idref="oc-125"/>
      </symbol>
      <symbol id="sm-523">
         <name>_RFFT_f32_mag</name>
         <value>0x339900</value>
         <object_component_ref idref="oc-126"/>
      </symbol>
      <symbol id="sm-527">
         <name>_rfft_f32_Stages1and2and3andBitReverse</name>
         <value>0x33919d</value>
         <object_component_ref idref="oc-127"/>
      </symbol>
      <symbol id="sm-528">
         <name>_rfft_f32_Stages4andUp</name>
         <value>0x339209</value>
         <object_component_ref idref="oc-127"/>
      </symbol>
      <symbol id="sm-529">
         <name>_RFFT_f32</name>
         <value>0x339194</value>
         <object_component_ref idref="oc-127"/>
      </symbol>
      <symbol id="sm-533">
         <name>_cos</name>
         <value>0x339763</value>
         <object_component_ref idref="oc-128"/>
      </symbol>
   </symbol_table>
   <title>Link successful</title>
</link_info>
