******************************************************************************
             TMS320C2000 Linker PC v22.6.0                     
******************************************************************************
>> Linked Mon Jul 29 23:29:21 2024

OUTPUT FILE NAME:   <DLDZ (without PI).out>
ENTRY POINT SYMBOL: "_c_int00"  address: 003397ae


MEMORY CONFIGURATION

         name            origin    length      used     unused   attr    fill
----------------------  --------  ---------  --------  --------  ----  --------
PAGE 0:
  ZONE0                 00004000   00001000  00000000  00001000  RWIX
  RAML0L1L2             00008000   00004000  0000001f  00003fe1  RWIX
  FLASHH                00300000   00008000  00000000  00008000  RWIX
  FLASHG                00308000   00008000  00000000  00008000  RWIX
  FLASHF                00310000   00008000  00000000  00008000  RWIX
  FLASHE                00318000   00008000  00000000  00008000  RWIX
  FLASHD                00320000   00008000  0000001f  00007fe1  RWIX
  FLASHC                00328000   00008000  00000000  00008000  RWIX
  FLASHA                00338000   00007f80  00002350  00005c30  RWIX
  CSM_RSVD              0033ff80   00000076  00000000  00000076  RWIX
  BEGIN                 0033fff6   00000002  00000002  00000000  RWIX
  CSM_PWL               0033fff8   00000008  00000000  00000008  RWIX
  ADC_CAL               00380080   00000009  00000007  00000002  RWIX
  OTP                   00380400   00000400  00000000  00000400  RWIX
  IQTABLES              003fe000   00000b50  00000000  00000b50  RWIX
  IQTABLES2             003feb50   0000008c  00000000  0000008c  RWIX
  FPUTABLES             003febdc   000006a0  000006a0  00000000  RWIX
  ROM                   003ff27c   00000d44  00000000  00000d44  RWIX
  RESET                 003fffc0   00000002  00000000  00000002  RWIX
  VECTORS               003fffc2   0000003e  00000000  0000003e  RWIX

PAGE 1:
  BOOT_RSVD             00000000   00000050  00000000  00000050  RWIX
  RAMM0                 00000050   000003b0  00000000  000003b0  RWIX
  RAMM1                 00000400   00000400  00000300  00000100  RWIX
  DEV_EMU               00000880   00000180  000000d0  000000b0  RWIX
  FLASH_REGS            00000a80   00000060  00000008  00000058  RWIX
  CSM                   00000ae0   00000010  00000010  00000000  RWIX
  ADC_MIRROR            00000b00   00000010  00000010  00000000  RWIX
  XINTF                 00000b20   00000020  0000001e  00000002  RWIX
  CPU_TIMER0            00000c00   00000008  00000008  00000000  RWIX
  CPU_TIMER1            00000c08   00000008  00000008  00000000  RWIX
  CPU_TIMER2            00000c10   00000008  00000008  00000000  RWIX
  PIE_CTRL              00000ce0   00000020  0000001a  00000006  RWIX
  PIE_VECT              00000d00   00000100  00000100  00000000  RWIX
  DMA                   00001000   00000200  000000e0  00000120  RWIX
  MCBSPA                00005000   00000040  00000025  0000001b  RWIX
  MCBSPB                00005040   00000040  00000025  0000001b  RWIX
  ECANA                 00006000   00000040  00000034  0000000c  RWIX
  ECANA_LAM             00006040   00000040  00000040  00000000  RWIX
  ECANA_MOTS            00006080   00000040  00000040  00000000  RWIX
  ECANA_MOTO            000060c0   00000040  00000040  00000000  RWIX
  ECANA_MBOX            00006100   00000100  00000100  00000000  RWIX
  ECANB                 00006200   00000040  00000034  0000000c  RWIX
  ECANB_LAM             00006240   00000040  00000040  00000000  RWIX
  ECANB_MOTS            00006280   00000040  00000040  00000000  RWIX
  ECANB_MOTO            000062c0   00000040  00000040  00000000  RWIX
  ECANB_MBOX            00006300   00000100  00000100  00000000  RWIX
  EPWM1                 00006800   00000022  00000022  00000000  RWIX
  EPWM2                 00006840   00000022  00000022  00000000  RWIX
  EPWM3                 00006880   00000022  00000022  00000000  RWIX
  EPWM4                 000068c0   00000022  00000022  00000000  RWIX
  EPWM5                 00006900   00000022  00000022  00000000  RWIX
  EPWM6                 00006940   00000022  00000022  00000000  RWIX
  ECAP1                 00006a00   00000020  00000020  00000000  RWIX
  ECAP2                 00006a20   00000020  00000020  00000000  RWIX
  ECAP3                 00006a40   00000020  00000020  00000000  RWIX
  ECAP4                 00006a60   00000020  00000020  00000000  RWIX
  ECAP5                 00006a80   00000020  00000020  00000000  RWIX
  ECAP6                 00006aa0   00000020  00000020  00000000  RWIX
  EQEP1                 00006b00   00000040  00000040  00000000  RWIX
  EQEP2                 00006b40   00000040  00000040  00000000  RWIX
  GPIOCTRL              00006f80   00000040  0000002e  00000012  RWIX
  GPIODAT               00006fc0   00000020  00000020  00000000  RWIX
  GPIOINT               00006fe0   00000020  0000000a  00000016  RWIX
  SYSTEM                00007010   00000020  00000020  00000000  RWIX
  SPIA                  00007040   00000010  00000010  00000000  RWIX
  SCIA                  00007050   00000010  00000010  00000000  RWIX
  XINTRUPT              00007070   00000010  00000010  00000000  RWIX
  ADC                   00007100   00000020  0000001e  00000002  RWIX
  SCIB                  00007750   00000010  00000010  00000000  RWIX
  SCIC                  00007770   00000010  00000010  00000000  RWIX
  I2CA                  00007900   00000040  00000022  0000001e  RWIX
  RAML3L4L5L6L7         0000c000   00004000  00000dcc  00003234  RWIX
  FLASHB                00330000   00008000  00000000  00008000  RWIX
  CSM_PWL               0033fff8   00000008  00000008  00000000  RWIX


SECTION ALLOCATION MAP

 output                                  attributes/
section   page    origin      length       input sections
--------  ----  ----------  ----------   ----------------
ramfuncs   0    00320000    0000001f     RUN ADDR = 00008000
                  00320000    0000001b     DSP2833x_SysCtrl.obj (ramfuncs)
                  0032001b    00000004     DSP2833x_usDelay.obj (ramfuncs)

.cinit     0    0033a06f    000002e2     
                  0033a06f    00000103     My_monitor.obj (.cinit:_i_sample)
                  0033a172    00000103     My_monitor.obj (.cinit:_u_sample)
                  0033a275    00000093     My_LCD12864S.obj (.cinit:_LCD_char)
                  0033a308    00000010     MY_menu.obj (.cinit)
                  0033a318    0000000d     My_monitor.obj (.cinit)
                  0033a325    0000000b     MY_menu.obj (.cinit:_key_delay_cnt)
                  0033a330    0000000b     MY_menu.obj (.cinit:_key_delay_max)
                  0033a33b    0000000a     rts2800_fpu32.lib : _lock.obj (.cinit)
                  0033a345    0000000a                       : exit.obj (.cinit)
                  0033a34f    00000002     --HOLE-- [fill = 0]

DevEmuRegsFile 
*          1    00000880    000000d0     UNINITIALIZED
                  00000880    000000d0     DSP2833x_GlobalVariableDefs.obj (DevEmuRegsFile)

FlashRegsFile 
*          1    00000a80    00000008     UNINITIALIZED
                  00000a80    00000008     DSP2833x_GlobalVariableDefs.obj (FlashRegsFile)

CsmRegsFile 
*          1    00000ae0    00000010     UNINITIALIZED
                  00000ae0    00000010     DSP2833x_GlobalVariableDefs.obj (CsmRegsFile)

AdcMirrorFile 
*          1    00000b00    00000010     UNINITIALIZED
                  00000b00    00000010     DSP2833x_GlobalVariableDefs.obj (AdcMirrorFile)

XintfRegsFile 
*          1    00000b20    0000001e     UNINITIALIZED
                  00000b20    0000001e     DSP2833x_GlobalVariableDefs.obj (XintfRegsFile)

CpuTimer0RegsFile 
*          1    00000c00    00000008     UNINITIALIZED
                  00000c00    00000008     DSP2833x_GlobalVariableDefs.obj (CpuTimer0RegsFile)

CpuTimer1RegsFile 
*          1    00000c08    00000008     UNINITIALIZED
                  00000c08    00000008     DSP2833x_GlobalVariableDefs.obj (CpuTimer1RegsFile)

CpuTimer2RegsFile 
*          1    00000c10    00000008     UNINITIALIZED
                  00000c10    00000008     DSP2833x_GlobalVariableDefs.obj (CpuTimer2RegsFile)

PieCtrlRegsFile 
*          1    00000ce0    0000001a     UNINITIALIZED
                  00000ce0    0000001a     DSP2833x_GlobalVariableDefs.obj (PieCtrlRegsFile)

PieVectTableFile 
*          1    00000d00    00000100     UNINITIALIZED
                  00000d00    00000100     DSP2833x_GlobalVariableDefs.obj (PieVectTableFile)

DmaRegsFile 
*          1    00001000    000000e0     UNINITIALIZED
                  00001000    000000e0     DSP2833x_GlobalVariableDefs.obj (DmaRegsFile)

McbspaRegsFile 
*          1    00005000    00000025     UNINITIALIZED
                  00005000    00000025     DSP2833x_GlobalVariableDefs.obj (McbspaRegsFile)

McbspbRegsFile 
*          1    00005040    00000025     UNINITIALIZED
                  00005040    00000025     DSP2833x_GlobalVariableDefs.obj (McbspbRegsFile)

ECanaRegsFile 
*          1    00006000    00000034     UNINITIALIZED
                  00006000    00000034     DSP2833x_GlobalVariableDefs.obj (ECanaRegsFile)

ECanaLAMRegsFile 
*          1    00006040    00000040     UNINITIALIZED
                  00006040    00000040     DSP2833x_GlobalVariableDefs.obj (ECanaLAMRegsFile)

ECanaMOTSRegsFile 
*          1    00006080    00000040     UNINITIALIZED
                  00006080    00000040     DSP2833x_GlobalVariableDefs.obj (ECanaMOTSRegsFile)

ECanaMOTORegsFile 
*          1    000060c0    00000040     UNINITIALIZED
                  000060c0    00000040     DSP2833x_GlobalVariableDefs.obj (ECanaMOTORegsFile)

ECanaMboxesFile 
*          1    00006100    00000100     UNINITIALIZED
                  00006100    00000100     DSP2833x_GlobalVariableDefs.obj (ECanaMboxesFile)

ECanbRegsFile 
*          1    00006200    00000034     UNINITIALIZED
                  00006200    00000034     DSP2833x_GlobalVariableDefs.obj (ECanbRegsFile)

ECanbLAMRegsFile 
*          1    00006240    00000040     UNINITIALIZED
                  00006240    00000040     DSP2833x_GlobalVariableDefs.obj (ECanbLAMRegsFile)

ECanbMOTSRegsFile 
*          1    00006280    00000040     UNINITIALIZED
                  00006280    00000040     DSP2833x_GlobalVariableDefs.obj (ECanbMOTSRegsFile)

ECanbMOTORegsFile 
*          1    000062c0    00000040     UNINITIALIZED
                  000062c0    00000040     DSP2833x_GlobalVariableDefs.obj (ECanbMOTORegsFile)

ECanbMboxesFile 
*          1    00006300    00000100     UNINITIALIZED
                  00006300    00000100     DSP2833x_GlobalVariableDefs.obj (ECanbMboxesFile)

EPwm1RegsFile 
*          1    00006800    00000022     UNINITIALIZED
                  00006800    00000022     DSP2833x_GlobalVariableDefs.obj (EPwm1RegsFile)

EPwm2RegsFile 
*          1    00006840    00000022     UNINITIALIZED
                  00006840    00000022     DSP2833x_GlobalVariableDefs.obj (EPwm2RegsFile)

EPwm3RegsFile 
*          1    00006880    00000022     UNINITIALIZED
                  00006880    00000022     DSP2833x_GlobalVariableDefs.obj (EPwm3RegsFile)

EPwm4RegsFile 
*          1    000068c0    00000022     UNINITIALIZED
                  000068c0    00000022     DSP2833x_GlobalVariableDefs.obj (EPwm4RegsFile)

EPwm5RegsFile 
*          1    00006900    00000022     UNINITIALIZED
                  00006900    00000022     DSP2833x_GlobalVariableDefs.obj (EPwm5RegsFile)

EPwm6RegsFile 
*          1    00006940    00000022     UNINITIALIZED
                  00006940    00000022     DSP2833x_GlobalVariableDefs.obj (EPwm6RegsFile)

ECap1RegsFile 
*          1    00006a00    00000020     UNINITIALIZED
                  00006a00    00000020     DSP2833x_GlobalVariableDefs.obj (ECap1RegsFile)

ECap2RegsFile 
*          1    00006a20    00000020     UNINITIALIZED
                  00006a20    00000020     DSP2833x_GlobalVariableDefs.obj (ECap2RegsFile)

ECap3RegsFile 
*          1    00006a40    00000020     UNINITIALIZED
                  00006a40    00000020     DSP2833x_GlobalVariableDefs.obj (ECap3RegsFile)

ECap4RegsFile 
*          1    00006a60    00000020     UNINITIALIZED
                  00006a60    00000020     DSP2833x_GlobalVariableDefs.obj (ECap4RegsFile)

ECap5RegsFile 
*          1    00006a80    00000020     UNINITIALIZED
                  00006a80    00000020     DSP2833x_GlobalVariableDefs.obj (ECap5RegsFile)

ECap6RegsFile 
*          1    00006aa0    00000020     UNINITIALIZED
                  00006aa0    00000020     DSP2833x_GlobalVariableDefs.obj (ECap6RegsFile)

EQep1RegsFile 
*          1    00006b00    00000040     UNINITIALIZED
                  00006b00    00000040     DSP2833x_GlobalVariableDefs.obj (EQep1RegsFile)

EQep2RegsFile 
*          1    00006b40    00000040     UNINITIALIZED
                  00006b40    00000040     DSP2833x_GlobalVariableDefs.obj (EQep2RegsFile)

GpioCtrlRegsFile 
*          1    00006f80    0000002e     UNINITIALIZED
                  00006f80    0000002e     DSP2833x_GlobalVariableDefs.obj (GpioCtrlRegsFile)

GpioDataRegsFile 
*          1    00006fc0    00000020     UNINITIALIZED
                  00006fc0    00000020     DSP2833x_GlobalVariableDefs.obj (GpioDataRegsFile)

GpioIntRegsFile 
*          1    00006fe0    0000000a     UNINITIALIZED
                  00006fe0    0000000a     DSP2833x_GlobalVariableDefs.obj (GpioIntRegsFile)

SysCtrlRegsFile 
*          1    00007010    00000020     UNINITIALIZED
                  00007010    00000020     DSP2833x_GlobalVariableDefs.obj (SysCtrlRegsFile)

SpiaRegsFile 
*          1    00007040    00000010     UNINITIALIZED
                  00007040    00000010     DSP2833x_GlobalVariableDefs.obj (SpiaRegsFile)

SciaRegsFile 
*          1    00007050    00000010     UNINITIALIZED
                  00007050    00000010     DSP2833x_GlobalVariableDefs.obj (SciaRegsFile)

XIntruptRegsFile 
*          1    00007070    00000010     UNINITIALIZED
                  00007070    00000010     DSP2833x_GlobalVariableDefs.obj (XIntruptRegsFile)

AdcRegsFile 
*          1    00007100    0000001e     UNINITIALIZED
                  00007100    0000001e     DSP2833x_GlobalVariableDefs.obj (AdcRegsFile)

ScibRegsFile 
*          1    00007750    00000010     UNINITIALIZED
                  00007750    00000010     DSP2833x_GlobalVariableDefs.obj (ScibRegsFile)

ScicRegsFile 
*          1    00007770    00000010     UNINITIALIZED
                  00007770    00000010     DSP2833x_GlobalVariableDefs.obj (ScicRegsFile)

I2caRegsFile 
*          1    00007900    00000022     UNINITIALIZED
                  00007900    00000022     DSP2833x_GlobalVariableDefs.obj (I2caRegsFile)

CsmPwlFile 
*          1    0033fff8    00000008     UNINITIALIZED
                  0033fff8    00000008     DSP2833x_GlobalVariableDefs.obj (CsmPwlFile)

.pinit     0    00338000    00000000     UNINITIALIZED

.text      0    00338000    00001953     
                  00338000    000003e9     MY_menu.obj (.text)
                  003383e9    00000323     DSP2833x_DefaultIsr.obj (.text:retain)
                  0033870c    000002aa     My_LCD12864S.obj (.text)
                  003389b6    00000255     MY_DLDZSY.obj (.text)
                  00338c0b    00000231     My_main.obj (.text)
                  00338e3c    000001ec     My_monitor.obj (.text)
                  00339028    00000122     DSP2833x_Xintf.obj (.text)
                  0033914a    0000011d     C28x_FPU_Lib.lib : RFFT_f32.obj (.text)
                  00339267    000000f2     DSP2833x_SysCtrl.obj (.text)
                  00339359    000000ef     DSP2833x_EPwm.obj (.text)
                  00339448    00000088     rts2800_fpu32.lib : fs_div28.asm.obj (.text)
                  003394d0    00000085     C28x_FPU_Lib.lib : RFFT_f32u.obj (.text)
                  00339555    0000007e     My_interrupt.obj (.text:retain)
                  003395d3    00000070     C28x_FPU_Lib.lib : RFFT_f32_sincostable.obj (.text)
                  00339643    0000006e     DSP2833x_Adc.obj (.text)
                  003396b1    00000066     rts2800_fpu32.lib : s_sinf.c.obj (.text)
                  00339717    0000004f     DSP2833x_CpuTimers.obj (.text)
                  00339766    00000048     DSP2833x_EQep.obj (.text)
                  003397ae    00000046     rts2800_fpu32.lib : boot.obj (.text)
                  003397f4    00000044     C28x_FPU_Lib.lib : RFFT_f32_mag.obj (.text)
                  00339838    00000034     rts2800_fpu32_fast_supplement.lib : cos_f32.obj (.text)
                  0033986c    00000028     DSP2833x_PieCtrl.obj (.text)
                  00339894    00000022     rts2800_fpu32.lib : i_div28.asm.obj (.text)
                  003398b6    00000021     sqrt_f32.obj (.text)
                  003398d7    00000020     DSP2833x_PieVect.obj (.text)
                  003398f7    00000018     rts2800_fpu32.lib : exit.obj (.text)
                  0033990f    00000015                       : args_main.obj (.text)
                  00339924    00000013     DSP2833x_MemCopy.obj (.text)
                  00339937    0000000b     rts2800_fpu32.lib : u_div28.asm.obj (.text)
                  00339942    00000009                       : _lock.obj (.text)
                  0033994b    00000008     DSP2833x_CodeStartBranch.obj (.text)

codestart 
*          0    0033fff6    00000002     
                  0033fff6    00000002     DSP2833x_CodeStartBranch.obj (codestart)

.stack     1    00000400    00000300     UNINITIALIZED
                  00000400    00000300     --HOLE--

.ebss      1    0000c000    00000dcc     UNINITIALIZED
                  0000c000    00000b00     My_variable.obj (.ebss)
                  0000cb00    00000100     My_monitor.obj (.ebss:_i_sample)
                  0000cc00    00000100     My_monitor.obj (.ebss:_u_sample)
                  0000cd00    00000090     My_LCD12864S.obj (.ebss:_LCD_char)
                  0000cd90    00000018     DSP2833x_CpuTimers.obj (.ebss)
                  0000cda8    00000008     MY_menu.obj (.ebss:_key_delay_cnt)
                  0000cdb0    00000008     MY_menu.obj (.ebss:_key_delay_max)
                  0000cdb8    00000006     My_monitor.obj (.ebss)
                  0000cdbe    00000001     My_main.obj (.ebss)
                  0000cdbf    00000001     --HOLE--
                  0000cdc0    00000004     MY_menu.obj (.ebss)
                  0000cdc4    00000004     rts2800_fpu32.lib : _lock.obj (.ebss)
                  0000cdc8    00000004                       : exit.obj (.ebss)

.econst    0    00339954    0000071b     
                  00339954    00000400     My_LCD12864S.obj (.econst:_LCD_picture_char)
                  00339d54    000001dc     My_LCD12864S.obj (.econst:_LCD_charNumber)
                  00339f30    00000100     DSP2833x_PieVect.obj (.econst:_PieVectTableInit)
                  0033a030    0000002a     My_LCD12864S.obj (.econst:_display_workstatusdata)
                  0033a05a    00000015     My_LCD12864S.obj (.econst:_display_statusdata)

FPUmathTables 
*          0    003febdc    000006a0     NOLOAD SECTION
                  003febdc    000006a0     FPUmathTables.obj (FPUmathTables)

.reset     0    003fffc0    00000002     DSECT
                  003fffc0    00000002     rts2800_fpu32.lib : boot.obj (.reset)

vectors    0    003fffc2    00000000     DSECT

.adc_cal   0    00380080    00000007     NOLOAD SECTION
                  00380080    00000007     DSP2833x_ADC_cal.obj (.adc_cal)

MODULE SUMMARY

       Module                            code   initialized data   uninitialized data
       ------                            ----   ----------------   ------------------
    .\Source\
       My_variable.obj                   0      0                  2816              
       DSP2833x_GlobalVariableDefs.obj   0      0                  2678              
       My_LCD12864S.obj                  682    1710               144               
       FPUmathTables.obj                 0      1696               0                 
       My_monitor.obj                    492    531                518               
       MY_menu.obj                       1001   38                 20                
       DSP2833x_DefaultIsr.obj           803    0                  0                 
       MY_DLDZSY.obj                     597    0                  0                 
       My_main.obj                       561    0                  1                 
       DSP2833x_SysCtrl.obj              296    0                  0                 
       DSP2833x_Xintf.obj                290    0                  0                 
       DSP2833x_PieVect.obj              32     256                0                 
       DSP2833x_EPwm.obj                 239    0                  0                 
       My_interrupt.obj                  126    0                  0                 
       DSP2833x_Adc.obj                  110    0                  0                 
       DSP2833x_CpuTimers.obj            79     0                  24                
       DSP2833x_EQep.obj                 72     0                  0                 
       DSP2833x_PieCtrl.obj              40     0                  0                 
       sqrt_f32.obj                      33     0                  0                 
       DSP2833x_MemCopy.obj              19     0                  0                 
       DSP2833x_CodeStartBranch.obj      10     0                  0                 
       DSP2833x_usDelay.obj              8      0                  0                 
       DSP2833x_ADC_cal.obj              7      0                  0                 
    +--+---------------------------------+------+------------------+--------------------+
       Total:                            5497   4231               6201              
                                                                                     
    ../Libraries/rts2800_fpu32.lib
       boot.obj                          70     0                  0                 
       exit.obj                          24     10                 4                 
       _lock.obj                         9      10                 4                 
       args_main.obj                     21     0                  0                 
    +--+---------------------------------+------+------------------+--------------------+
       Total:                            124    20                 8                 
                                                                                     
    ../Libraries/rts2800_fpu32_fast_supplement.lib
       cos_f32.obj                       52     0                  0                 
    +--+---------------------------------+------+------------------+--------------------+
       Total:                            52     0                  0                 
                                                                                     
    D:\ccs1240\ccs\tools\compiler\ti-cgt-c2000_22.6.0.LTS\lib\rts2800_fpu32.lib
       fs_div28.asm.obj                  136    0                  0                 
       s_sinf.c.obj                      102    0                  0                 
       i_div28.asm.obj                   34     0                  0                 
       u_div28.asm.obj                   11     0                  0                 
    +--+---------------------------------+------+------------------+--------------------+
       Total:                            283    0                  0                 
                                                                                     
    E:/controlSUITE/libs/dsp/FPU/v131/lib/C28x_FPU_Lib.lib
       RFFT_f32.obj                      285    0                  0                 
       RFFT_f32u.obj                     133    0                  0                 
       RFFT_f32_sincostable.obj          112    0                  0                 
       RFFT_f32_mag.obj                  68     0                  0                 
    +--+---------------------------------+------+------------------+--------------------+
       Total:                            598    0                  0                 
                                                                                     
       Stack:                            0      0                  768               
    +--+---------------------------------+------+------------------+--------------------+
       Grand Total:                      6554   4251               6977              


GLOBAL DATA SYMBOLS: SORTED BY DATA PAGE

address     data page           name
--------    ----------------    ----
00000400      10 (00000400)     __stack

00000880      22 (00000880)     _DevEmuRegs

00000a80      2a (00000a80)     _FlashRegs

00000ae0      2b (00000ac0)     _CsmRegs

00000b00      2c (00000b00)     _AdcMirror
00000b20      2c (00000b00)     _XintfRegs

00000c00      30 (00000c00)     _CpuTimer0Regs
00000c08      30 (00000c00)     _CpuTimer1Regs
00000c10      30 (00000c00)     _CpuTimer2Regs

00000ce0      33 (00000cc0)     _PieCtrlRegs

00000d00      34 (00000d00)     _PieVectTable

00001000      40 (00001000)     _DmaRegs

00005000     140 (00005000)     _McbspaRegs

00005040     141 (00005040)     _McbspbRegs

00006000     180 (00006000)     _ECanaRegs

00006040     181 (00006040)     _ECanaLAMRegs

00006080     182 (00006080)     _ECanaMOTSRegs

000060c0     183 (000060c0)     _ECanaMOTORegs

00006100     184 (00006100)     _ECanaMboxes

00006200     188 (00006200)     _ECanbRegs

00006240     189 (00006240)     _ECanbLAMRegs

00006280     18a (00006280)     _ECanbMOTSRegs

000062c0     18b (000062c0)     _ECanbMOTORegs

00006300     18c (00006300)     _ECanbMboxes

00006800     1a0 (00006800)     _EPwm1Regs

00006840     1a1 (00006840)     _EPwm2Regs

00006880     1a2 (00006880)     _EPwm3Regs

000068c0     1a3 (000068c0)     _EPwm4Regs

00006900     1a4 (00006900)     _EPwm5Regs

00006940     1a5 (00006940)     _EPwm6Regs

00006a00     1a8 (00006a00)     _ECap1Regs
00006a20     1a8 (00006a00)     _ECap2Regs

00006a40     1a9 (00006a40)     _ECap3Regs
00006a60     1a9 (00006a40)     _ECap4Regs

00006a80     1aa (00006a80)     _ECap5Regs
00006aa0     1aa (00006a80)     _ECap6Regs

00006b00     1ac (00006b00)     _EQep1Regs

00006b40     1ad (00006b40)     _EQep2Regs

00006f80     1be (00006f80)     _GpioCtrlRegs

00006fc0     1bf (00006fc0)     _GpioDataRegs
00006fe0     1bf (00006fc0)     _GpioIntRegs

00007010     1c0 (00007000)     _SysCtrlRegs

00007040     1c1 (00007040)     _SpiaRegs
00007050     1c1 (00007040)     _SciaRegs
00007070     1c1 (00007040)     _XIntruptRegs

00007100     1c4 (00007100)     _AdcRegs

00007750     1dd (00007740)     _ScibRegs
00007770     1dd (00007740)     _ScicRegs

00007900     1e4 (00007900)     _I2caRegs

0000c000     300 (0000c000)     _Menu_key
0000c002     300 (0000c000)     _Da_bl
0000c006     300 (0000c000)     _Single
0000c00e     300 (0000c000)     _Menu_cmd
0000c01a     300 (0000c000)     _System
0000c028     300 (0000c000)     _Menu_display

0000c040     301 (0000c040)     _PI_IS
0000c05a     301 (0000c040)     _PI_IQ

0000c080     302 (0000c080)     _PI_IU
0000c09a     302 (0000c080)     _PI_IV

0000c0c0     303 (0000c0c0)     _PI_IW

0000c100     304 (0000c100)     _DC_U1

0000c140     305 (0000c140)     _DC_I1

0000c180     306 (0000c180)     _DC_U2

0000c1c0     307 (0000c1c0)     _DC_I2

0000c200     308 (0000c200)     _DC_Untc

0000c240     309 (0000c240)     _PD1

0000c380     30e (0000c380)     _AC_Uin

0000c540     315 (0000c540)     _AC_Iin

0000c700     31c (0000c700)     _FFT

0000cb00     32c (0000cb00)     _i_sample

0000cc00     330 (0000cc00)     _u_sample

0000cd00     334 (0000cd00)     _LCD_char

0000cd90     336 (0000cd80)     _CpuTimer0
0000cd98     336 (0000cd80)     _CpuTimer1
0000cda0     336 (0000cd80)     _CpuTimer2
0000cda8     336 (0000cd80)     _key_delay_cnt
0000cdb0     336 (0000cd80)     _key_delay_max
0000cdbe     336 (0000cd80)     _delayt

0000cdc0     337 (0000cdc0)     _Keysjudge_cnt
0000cdc1     337 (0000cdc0)     _Keyjudge_delay
0000cdc4     337 (0000cdc0)     __unlock
0000cdc6     337 (0000cdc0)     __lock
0000cdc8     337 (0000cdc0)     __cleanup_ptr
0000cdca     337 (0000cdc0)     __dtors_ptr

00339954    ce65 (00339940)     _LCD_picture_char

00339d54    ce75 (00339d40)     _LCD_charNumber

00339f30    ce7c (00339f00)     _PieVectTableInit

0033a030    ce80 (0033a000)     _display_workstatusdata

0033a05a    ce81 (0033a040)     _display_statusdata

0033fff8    cfff (0033ffc0)     _CsmPwl

003febdc    ffaf (003febc0)     _FPUsinTable

003fecdc    ffb3 (003fecc0)     _FPUcosTable

003fefdc    ffbf (003fefc0)     _FPUsinTableEnd

003ff0de    ffc3 (003ff0c0)     _FPUatan2HalfPITable
003ff0de    ffc3 (003ff0c0)     _FPUcosTableEnd
003ff0e2    ffc3 (003ff0c0)     _FPUatan2Table

003ff268    ffc9 (003ff240)     _FPUatan2TableEnd


GLOBAL SYMBOLS: SORTED ALPHABETICALLY BY Name 

page  address   name                                   
----  -------   ----                                   
0     00338000  .text                                  
0     003398f7  C$$EXIT                                
0     00339448  FS$$DIV                                
0     00339894  I$$DIV                                 
0     003398a5  I$$MOD                                 
0     00339937  U$$DIV                                 
0     0033993c  U$$MOD                                 
1     0000c540  _AC_Iin                                
1     0000c380  _AC_Uin                                
0     003384cf  _ADCINT_ISR                            
0     00380080  _ADC_cal                               
0     00338fca  _ADCdata_Deal                          
1     00000b00  _AdcMirror                             
1     00007100  _AdcRegs                               
0     0033879b  _CLEAR_Screen                          
0     00338f0b  _Calc_ave                              
0     00338e3c  _Calc_rms                              
0     0033972c  _ConfigCpuTimer                        
1     0000cd90  _CpuTimer0                             
1     00000c00  _CpuTimer0Regs                         
1     0000cd98  _CpuTimer1                             
1     00000c08  _CpuTimer1Regs                         
1     0000cda0  _CpuTimer2                             
1     00000c10  _CpuTimer2Regs                         
1     0033fff8  _CsmPwl                                
1     00000ae0  _CsmRegs                               
0     00339328  _CsmUnlock                             
0     003383fd  _DATALOG_ISR                           
0     0033818a  _DATA_displaydata_init                 
1     0000c140  _DC_I1                                 
1     0000c1c0  _DC_I2                                 
1     0000c100  _DC_U1                                 
1     0000c180  _DC_U2                                 
1     0000c200  _DC_Untc                               
0     003385f1  _DINTCH1_ISR                           
0     003385fb  _DINTCH2_ISR                           
0     00338605  _DINTCH3_ISR                           
0     0033860f  _DINTCH4_ISR                           
0     00338619  _DINTCH5_ISR                           
0     00338623  _DINTCH6_ISR                           
0     0000801b  _DSP28x_usDelay                        
1     0000c002  _Da_bl                                 
0     0033870c  _Delay_us                              
1     00000880  _DevEmuRegs                            
0     0033927a  _DisableDog                            
1     00001000  _DmaRegs                               
0     0033867d  _ECAN0INTA_ISR                         
0     00338691  _ECAN0INTB_ISR                         
0     00338687  _ECAN1INTA_ISR                         
0     0033869b  _ECAN1INTB_ISR                         
0     00338565  _ECAP1_INT_ISR                         
0     0033856f  _ECAP2_INT_ISR                         
0     00338579  _ECAP3_INT_ISR                         
0     00338583  _ECAP4_INT_ISR                         
0     0033858d  _ECAP5_INT_ISR                         
0     00338597  _ECAP6_INT_ISR                         
1     00006040  _ECanaLAMRegs                          
1     000060c0  _ECanaMOTORegs                         
1     00006080  _ECanaMOTSRegs                         
1     00006100  _ECanaMboxes                           
1     00006000  _ECanaRegs                             
1     00006240  _ECanbLAMRegs                          
1     000062c0  _ECanbMOTORegs                         
1     00006280  _ECanbMOTSRegs                         
1     00006300  _ECanbMboxes                           
1     00006200  _ECanbRegs                             
1     00006a00  _ECap1Regs                             
1     00006a20  _ECap2Regs                             
1     00006a40  _ECap3Regs                             
1     00006a60  _ECap4Regs                             
1     00006a80  _ECap5Regs                             
1     00006aa0  _ECap6Regs                             
0     003386eb  _EMPTY_ISR                             
0     00338411  _EMUINT_ISR                            
0     00338529  _EPWM1_INT_ISR                         
0     003384ed  _EPWM1_TZINT_ISR                       
0     00338533  _EPWM2_INT_ISR                         
0     003384f7  _EPWM2_TZINT_ISR                       
0     0033853d  _EPWM3_INT_ISR                         
0     00338501  _EPWM3_TZINT_ISR                       
0     00338547  _EPWM4_INT_ISR                         
0     0033850b  _EPWM4_TZINT_ISR                       
0     00338551  _EPWM5_INT_ISR                         
0     00338515  _EPWM5_TZINT_ISR                       
0     0033855b  _EPWM6_INT_ISR                         
0     0033851f  _EPWM6_TZINT_ISR                       
1     00006800  _EPwm1Regs                             
1     00006840  _EPwm2Regs                             
1     00006880  _EPwm3Regs                             
1     000068c0  _EPwm4Regs                             
1     00006900  _EPwm5Regs                             
1     00006940  _EPwm6Regs                             
0     003385a1  _EQEP1_INT_ISR                         
0     003385ab  _EQEP2_INT_ISR                         
1     00006b00  _EQep1Regs                             
1     00006b40  _EQep2Regs                             
0     0033988b  _EnableInterrupts                      
1     0000c700  _FFT                                   
0     003ff0de  _FPUatan2HalfPITable                   
0     003ff0e2  _FPUatan2Table                         
0     003ff268  _FPUatan2TableEnd                      
0     003fecdc  _FPUcosTable                           
0     003ff0de  _FPUcosTableEnd                        
0     003febdc  _FPUsinTable                           
0     003fefdc  _FPUsinTableEnd                        
1     00000a80  _FlashRegs                             
1     00006f80  _GpioCtrlRegs                          
1     00006fc0  _GpioDataRegs                          
1     00006fe0  _GpioIntRegs                           
0     0033862d  _I2CINT1A_ISR                          
0     00338637  _I2CINT2A_ISR                          
1     00007900  _I2caRegs                              
0     00338425  _ILLEGAL_ISR                           
0     003383e9  _INT13_ISR                             
0     003383f3  _INT14_ISR                             
0     00339643  _InitAdc                               
0     00339717  _InitCpuTimers                         
0     00339430  _InitEPwmSyncGpio                      
0     00339766  _InitEQep                              
0     00339768  _InitEQep2Gpio                         
0     00339767  _InitEQepGpio                          
0     00339359  _InitEpwmT                             
0     00008000  _InitFlash                             
0     00338c9b  _InitGpio                              
0     003392d2  _InitPeripheralClocks                  
0     0033986c  _InitPieCtrl                           
0     003398d7  _InitPieVectTable                      
0     00339282  _InitPll                               
0     00339267  _InitSysCtrl                           
0     00339444  _InitTzGpio                            
0     00339028  _InitXintf                             
0     003390c4  _InitXintf16Gpio                       
0     0033907d  _InitXintf32Gpio                       
1     0000cdc1  _Keyjudge_delay                        
1     0000cdc0  _Keysjudge_cnt                         
0     00338759  _LCD12864_init                         
1     0000cd00  _LCD_char                              
0     00339d54  _LCD_charNumber                        
0     00339954  _LCD_picture_char                      
0     003386e1  _LUF_ISR                               
0     003386d7  _LVF_ISR                               
0     003385dd  _MRINTA_ISR                            
0     003385c9  _MRINTB_ISR                            
0     003385e7  _MXINTA_ISR                            
0     003385d3  _MXINTB_ISR                            
1     00005000  _McbspaRegs                            
1     00005040  _McbspbRegs                            
0     00339924  _MemCopy                               
1     0000c00e  _Menu_cmd                              
1     0000c028  _Menu_display                          
1     0000c000  _Menu_key                              
0     0033841b  _NMI_ISR                               
1     0000c240  _PD1                                   
0     003386f8  _PIE_RESERVED                          
1     0000c05a  _PI_IQ                                 
1     0000c040  _PI_IS                                 
1     0000c080  _PI_IU                                 
1     0000c09a  _PI_IV                                 
1     0000c0c0  _PI_IW                                 
0     003389b6  _PI_Init                               
0     00338a7f  _PI_deal                               
0     00338b17  _PWM_Deal                              
1     00000ce0  _PieCtrlRegs                           
1     00000d00  _PieVectTable                          
0     00339f30  _PieVectTableInit                      
0     0033914a  _RFFT_f32                              
0     003397f4  _RFFT_f32_mag                          
0     003395d3  _RFFT_f32_sincostable                  
0     003394d0  _RFFT_f32u                             
0     00338407  _RTOSINT_ISR                           
0     0032001f  _RamfuncsLoadEnd                       
0     00320000  _RamfuncsLoadStart                     
0     00008000  _RamfuncsRunStart                      
0     00338655  _SCIRXINTA_ISR                         
0     00338669  _SCIRXINTB_ISR                         
0     00338641  _SCIRXINTC_ISR                         
0     0033865f  _SCITXINTA_ISR                         
0     00338673  _SCITXINTB_ISR                         
0     0033864b  _SCITXINTC_ISR                         
0     003384a7  _SEQ1INT_ISR                           
0     003384b1  _SEQ2INT_ISR                           
0     003385b5  _SPIRXINTA_ISR                         
0     003385bf  _SPITXINTA_ISR                         
0     00339019  _SYSTEM_monitor                        
1     00007050  _SciaRegs                              
1     00007750  _ScibRegs                              
1     00007770  _ScicRegs                              
0     00339270  _ServiceDog                            
1     0000c006  _Single                                
1     00007040  _SpiaRegs                              
1     00007010  _SysCtrlRegs                           
1     0000c01a  _System                                
0     003384d9  _TINT0_ISR                             
0     00338489  _USER10_ISR                            
0     00338493  _USER11_ISR                            
0     0033849d  _USER12_ISR                            
0     0033842f  _USER1_ISR                             
0     00338439  _USER2_ISR                             
0     00338443  _USER3_ISR                             
0     0033844d  _USER4_ISR                             
0     00338457  _USER5_ISR                             
0     00338461  _USER6_ISR                             
0     0033846b  _USER7_ISR                             
0     00338475  _USER8_ISR                             
0     0033847f  _USER9_ISR                             
0     003384e3  _WAKEINT_ISR                           
0     00338bb3  _Work_Deal                             
0     0033871d  _WriteLcdCom                           
0     0033873b  _WriteLcdDat                           
0     003384bb  _XINT1_ISR                             
0     003384c5  _XINT2_ISR                             
0     003386a5  _XINT3_ISR                             
0     003386af  _XINT4_ISR                             
0     003386b9  _XINT5_ISR                             
0     003386c3  _XINT6_ISR                             
0     003386cd  _XINT7_ISR                             
1     00007070  _XIntruptRegs                          
1     00000b20  _XintfRegs                             
1     00000700  __STACK_END                            
abs   00000300  __STACK_SIZE                           
abs   ffffffff  ___TI_pprof_out_hndl                   
abs   ffffffff  ___TI_prof_data_size                   
abs   ffffffff  ___TI_prof_data_start                  
abs   ffffffff  ___binit__                             
abs   ffffffff  ___c_args__                            
0     0033a06f  ___cinit__                             
0     00339953  ___etext__                             
abs   ffffffff  ___pinit__                             
0     00338000  ___text__                              
0     0033990f  __args_main                            
1     0000cdc8  __cleanup_ptr                          
1     0000cdca  __dtors_ptr                            
1     0000cdc6  __lock                                 
0     0033994a  __nop                                  
0     00339946  __register_lock                        
0     00339942  __register_unlock                      
1     00000400  __stack                                
1     0000cdc4  __unlock                               
0     003398f7  _abort                                 
0     00339583  _adc_isr                               
0     003397ae  _c_int00                               
0     00338f52  _calculateTHD                          
0     00339838  _cos                                   
0     003395be  _cpu_timer0_isr                        
0     00338cf1  _data_Init                             
0     00338c83  _delay                                 
1     0000cdbe  _delayt                                
0     0033a05a  _display_statusdata                    
0     0033a030  _display_workstatusdata                
0     0033956a  _epwm1_isr                             
0     00339555  _epwm1tz_isr                           
0     003398f9  _exit                                  
0     00338f9c  _fft_deal                              
1     0000cb00  _i_sample                              
0     00338000  _keyIO_scan                            
1     0000cda8  _key_delay_cnt                         
1     0000cdb0  _key_delay_max                         
0     003380c9  _key_judge                             
0     0033804f  _key_judge1                            
0     0033808e  _key_judge2                            
0     003387c1  _lcd12864_display_char                 
0     0033880e  _lcd12864_display_picture              
0     0033884a  _lcd_display_shuju_deal                
0     00338965  _lcd_display_shuju_deal2               
0     003388ed  _lcd_display_shuju_deal3               
0     00338c0b  _main                                  
0     003383c6  _menu_deal                             
0     003383a5  _menu_init                             
0     00338101  _menu_key_deal                         
0     0033819e  _menu_lcddisplay_datadeal1             
0     00338342  _menu_lcddisplay_datadeal2             
0     0033978e  _posspeed_Init                         
0     00338ebc  _power_deal                            
0     00339153  _rfft_f32_Stages1and2and3andBitReverse 
0     003391bf  _rfft_f32_Stages4andUp                 
0     003394d9  _rfft_f32u_Stages1and2and3andBitReverse
0     00338702  _rsvd_ISR                              
0     003396b1  _sin                                   
0     003396b1  _sinf                                  
0     003398b6  _sqrt                                  
1     0000cc00  _u_sample                              
abs   ffffffff  binit                                  
0     0033a06f  cinit                                  
0     0033fff6  code_start                             
0     00339953  etext                                  
abs   ffffffff  pinit                                  


GLOBAL SYMBOLS: SORTED BY Symbol Address 

page  address   name                                   
----  -------   ----                                   
0     00008000  _InitFlash                             
0     00008000  _RamfuncsRunStart                      
0     0000801b  _DSP28x_usDelay                        
0     00320000  _RamfuncsLoadStart                     
0     0032001f  _RamfuncsLoadEnd                       
0     00338000  .text                                  
0     00338000  ___text__                              
0     00338000  _keyIO_scan                            
0     0033804f  _key_judge1                            
0     0033808e  _key_judge2                            
0     003380c9  _key_judge                             
0     00338101  _menu_key_deal                         
0     0033818a  _DATA_displaydata_init                 
0     0033819e  _menu_lcddisplay_datadeal1             
0     00338342  _menu_lcddisplay_datadeal2             
0     003383a5  _menu_init                             
0     003383c6  _menu_deal                             
0     003383e9  _INT13_ISR                             
0     003383f3  _INT14_ISR                             
0     003383fd  _DATALOG_ISR                           
0     00338407  _RTOSINT_ISR                           
0     00338411  _EMUINT_ISR                            
0     0033841b  _NMI_ISR                               
0     00338425  _ILLEGAL_ISR                           
0     0033842f  _USER1_ISR                             
0     00338439  _USER2_ISR                             
0     00338443  _USER3_ISR                             
0     0033844d  _USER4_ISR                             
0     00338457  _USER5_ISR                             
0     00338461  _USER6_ISR                             
0     0033846b  _USER7_ISR                             
0     00338475  _USER8_ISR                             
0     0033847f  _USER9_ISR                             
0     00338489  _USER10_ISR                            
0     00338493  _USER11_ISR                            
0     0033849d  _USER12_ISR                            
0     003384a7  _SEQ1INT_ISR                           
0     003384b1  _SEQ2INT_ISR                           
0     003384bb  _XINT1_ISR                             
0     003384c5  _XINT2_ISR                             
0     003384cf  _ADCINT_ISR                            
0     003384d9  _TINT0_ISR                             
0     003384e3  _WAKEINT_ISR                           
0     003384ed  _EPWM1_TZINT_ISR                       
0     003384f7  _EPWM2_TZINT_ISR                       
0     00338501  _EPWM3_TZINT_ISR                       
0     0033850b  _EPWM4_TZINT_ISR                       
0     00338515  _EPWM5_TZINT_ISR                       
0     0033851f  _EPWM6_TZINT_ISR                       
0     00338529  _EPWM1_INT_ISR                         
0     00338533  _EPWM2_INT_ISR                         
0     0033853d  _EPWM3_INT_ISR                         
0     00338547  _EPWM4_INT_ISR                         
0     00338551  _EPWM5_INT_ISR                         
0     0033855b  _EPWM6_INT_ISR                         
0     00338565  _ECAP1_INT_ISR                         
0     0033856f  _ECAP2_INT_ISR                         
0     00338579  _ECAP3_INT_ISR                         
0     00338583  _ECAP4_INT_ISR                         
0     0033858d  _ECAP5_INT_ISR                         
0     00338597  _ECAP6_INT_ISR                         
0     003385a1  _EQEP1_INT_ISR                         
0     003385ab  _EQEP2_INT_ISR                         
0     003385b5  _SPIRXINTA_ISR                         
0     003385bf  _SPITXINTA_ISR                         
0     003385c9  _MRINTB_ISR                            
0     003385d3  _MXINTB_ISR                            
0     003385dd  _MRINTA_ISR                            
0     003385e7  _MXINTA_ISR                            
0     003385f1  _DINTCH1_ISR                           
0     003385fb  _DINTCH2_ISR                           
0     00338605  _DINTCH3_ISR                           
0     0033860f  _DINTCH4_ISR                           
0     00338619  _DINTCH5_ISR                           
0     00338623  _DINTCH6_ISR                           
0     0033862d  _I2CINT1A_ISR                          
0     00338637  _I2CINT2A_ISR                          
0     00338641  _SCIRXINTC_ISR                         
0     0033864b  _SCITXINTC_ISR                         
0     00338655  _SCIRXINTA_ISR                         
0     0033865f  _SCITXINTA_ISR                         
0     00338669  _SCIRXINTB_ISR                         
0     00338673  _SCITXINTB_ISR                         
0     0033867d  _ECAN0INTA_ISR                         
0     00338687  _ECAN1INTA_ISR                         
0     00338691  _ECAN0INTB_ISR                         
0     0033869b  _ECAN1INTB_ISR                         
0     003386a5  _XINT3_ISR                             
0     003386af  _XINT4_ISR                             
0     003386b9  _XINT5_ISR                             
0     003386c3  _XINT6_ISR                             
0     003386cd  _XINT7_ISR                             
0     003386d7  _LVF_ISR                               
0     003386e1  _LUF_ISR                               
0     003386eb  _EMPTY_ISR                             
0     003386f8  _PIE_RESERVED                          
0     00338702  _rsvd_ISR                              
0     0033870c  _Delay_us                              
0     0033871d  _WriteLcdCom                           
0     0033873b  _WriteLcdDat                           
0     00338759  _LCD12864_init                         
0     0033879b  _CLEAR_Screen                          
0     003387c1  _lcd12864_display_char                 
0     0033880e  _lcd12864_display_picture              
0     0033884a  _lcd_display_shuju_deal                
0     003388ed  _lcd_display_shuju_deal3               
0     00338965  _lcd_display_shuju_deal2               
0     003389b6  _PI_Init                               
0     00338a7f  _PI_deal                               
0     00338b17  _PWM_Deal                              
0     00338bb3  _Work_Deal                             
0     00338c0b  _main                                  
0     00338c83  _delay                                 
0     00338c9b  _InitGpio                              
0     00338cf1  _data_Init                             
0     00338e3c  _Calc_rms                              
0     00338ebc  _power_deal                            
0     00338f0b  _Calc_ave                              
0     00338f52  _calculateTHD                          
0     00338f9c  _fft_deal                              
0     00338fca  _ADCdata_Deal                          
0     00339019  _SYSTEM_monitor                        
0     00339028  _InitXintf                             
0     0033907d  _InitXintf32Gpio                       
0     003390c4  _InitXintf16Gpio                       
0     0033914a  _RFFT_f32                              
0     00339153  _rfft_f32_Stages1and2and3andBitReverse 
0     003391bf  _rfft_f32_Stages4andUp                 
0     00339267  _InitSysCtrl                           
0     00339270  _ServiceDog                            
0     0033927a  _DisableDog                            
0     00339282  _InitPll                               
0     003392d2  _InitPeripheralClocks                  
0     00339328  _CsmUnlock                             
0     00339359  _InitEpwmT                             
0     00339430  _InitEPwmSyncGpio                      
0     00339444  _InitTzGpio                            
0     00339448  FS$$DIV                                
0     003394d0  _RFFT_f32u                             
0     003394d9  _rfft_f32u_Stages1and2and3andBitReverse
0     00339555  _epwm1tz_isr                           
0     0033956a  _epwm1_isr                             
0     00339583  _adc_isr                               
0     003395be  _cpu_timer0_isr                        
0     003395d3  _RFFT_f32_sincostable                  
0     00339643  _InitAdc                               
0     003396b1  _sin                                   
0     003396b1  _sinf                                  
0     00339717  _InitCpuTimers                         
0     0033972c  _ConfigCpuTimer                        
0     00339766  _InitEQep                              
0     00339767  _InitEQepGpio                          
0     00339768  _InitEQep2Gpio                         
0     0033978e  _posspeed_Init                         
0     003397ae  _c_int00                               
0     003397f4  _RFFT_f32_mag                          
0     00339838  _cos                                   
0     0033986c  _InitPieCtrl                           
0     0033988b  _EnableInterrupts                      
0     00339894  I$$DIV                                 
0     003398a5  I$$MOD                                 
0     003398b6  _sqrt                                  
0     003398d7  _InitPieVectTable                      
0     003398f7  C$$EXIT                                
0     003398f7  _abort                                 
0     003398f9  _exit                                  
0     0033990f  __args_main                            
0     00339924  _MemCopy                               
0     00339937  U$$DIV                                 
0     0033993c  U$$MOD                                 
0     00339942  __register_unlock                      
0     00339946  __register_lock                        
0     0033994a  __nop                                  
0     00339953  ___etext__                             
0     00339953  etext                                  
0     00339954  _LCD_picture_char                      
0     00339d54  _LCD_charNumber                        
0     00339f30  _PieVectTableInit                      
0     0033a030  _display_workstatusdata                
0     0033a05a  _display_statusdata                    
0     0033a06f  ___cinit__                             
0     0033a06f  cinit                                  
0     0033fff6  code_start                             
0     00380080  _ADC_cal                               
0     003febdc  _FPUsinTable                           
0     003fecdc  _FPUcosTable                           
0     003fefdc  _FPUsinTableEnd                        
0     003ff0de  _FPUatan2HalfPITable                   
0     003ff0de  _FPUcosTableEnd                        
0     003ff0e2  _FPUatan2Table                         
0     003ff268  _FPUatan2TableEnd                      
1     00000400  __stack                                
1     00000700  __STACK_END                            
1     00000880  _DevEmuRegs                            
1     00000a80  _FlashRegs                             
1     00000ae0  _CsmRegs                               
1     00000b00  _AdcMirror                             
1     00000b20  _XintfRegs                             
1     00000c00  _CpuTimer0Regs                         
1     00000c08  _CpuTimer1Regs                         
1     00000c10  _CpuTimer2Regs                         
1     00000ce0  _PieCtrlRegs                           
1     00000d00  _PieVectTable                          
1     00001000  _DmaRegs                               
1     00005000  _McbspaRegs                            
1     00005040  _McbspbRegs                            
1     00006000  _ECanaRegs                             
1     00006040  _ECanaLAMRegs                          
1     00006080  _ECanaMOTSRegs                         
1     000060c0  _ECanaMOTORegs                         
1     00006100  _ECanaMboxes                           
1     00006200  _ECanbRegs                             
1     00006240  _ECanbLAMRegs                          
1     00006280  _ECanbMOTSRegs                         
1     000062c0  _ECanbMOTORegs                         
1     00006300  _ECanbMboxes                           
1     00006800  _EPwm1Regs                             
1     00006840  _EPwm2Regs                             
1     00006880  _EPwm3Regs                             
1     000068c0  _EPwm4Regs                             
1     00006900  _EPwm5Regs                             
1     00006940  _EPwm6Regs                             
1     00006a00  _ECap1Regs                             
1     00006a20  _ECap2Regs                             
1     00006a40  _ECap3Regs                             
1     00006a60  _ECap4Regs                             
1     00006a80  _ECap5Regs                             
1     00006aa0  _ECap6Regs                             
1     00006b00  _EQep1Regs                             
1     00006b40  _EQep2Regs                             
1     00006f80  _GpioCtrlRegs                          
1     00006fc0  _GpioDataRegs                          
1     00006fe0  _GpioIntRegs                           
1     00007010  _SysCtrlRegs                           
1     00007040  _SpiaRegs                              
1     00007050  _SciaRegs                              
1     00007070  _XIntruptRegs                          
1     00007100  _AdcRegs                               
1     00007750  _ScibRegs                              
1     00007770  _ScicRegs                              
1     00007900  _I2caRegs                              
1     0000c000  _Menu_key                              
1     0000c002  _Da_bl                                 
1     0000c006  _Single                                
1     0000c00e  _Menu_cmd                              
1     0000c01a  _System                                
1     0000c028  _Menu_display                          
1     0000c040  _PI_IS                                 
1     0000c05a  _PI_IQ                                 
1     0000c080  _PI_IU                                 
1     0000c09a  _PI_IV                                 
1     0000c0c0  _PI_IW                                 
1     0000c100  _DC_U1                                 
1     0000c140  _DC_I1                                 
1     0000c180  _DC_U2                                 
1     0000c1c0  _DC_I2                                 
1     0000c200  _DC_Untc                               
1     0000c240  _PD1                                   
1     0000c380  _AC_Uin                                
1     0000c540  _AC_Iin                                
1     0000c700  _FFT                                   
1     0000cb00  _i_sample                              
1     0000cc00  _u_sample                              
1     0000cd00  _LCD_char                              
1     0000cd90  _CpuTimer0                             
1     0000cd98  _CpuTimer1                             
1     0000cda0  _CpuTimer2                             
1     0000cda8  _key_delay_cnt                         
1     0000cdb0  _key_delay_max                         
1     0000cdbe  _delayt                                
1     0000cdc0  _Keysjudge_cnt                         
1     0000cdc1  _Keyjudge_delay                        
1     0000cdc4  __unlock                               
1     0000cdc6  __lock                                 
1     0000cdc8  __cleanup_ptr                          
1     0000cdca  __dtors_ptr                            
1     0033fff8  _CsmPwl                                
abs   00000300  __STACK_SIZE                           
abs   ffffffff  ___TI_pprof_out_hndl                   
abs   ffffffff  ___TI_prof_data_size                   
abs   ffffffff  ___TI_prof_data_start                  
abs   ffffffff  ___binit__                             
abs   ffffffff  ___c_args__                            
abs   ffffffff  ___pinit__                             
abs   ffffffff  binit                                  
abs   ffffffff  pinit                                  

[286 symbols]
